[2026-09-17 18:34:06] production.ERROR: Please provide a valid cache path. {"exception":"[object] (InvalidArgumentException(code: 0): Please provide a valid cache path. at /mnt/data/khawaja_edit/al-khawaja-delivery-full/vendor/laravel/framework/src/Illuminate/View/Compilers/Compiler.php:75)
[stacktrace]
#0 /mnt/data/khawaja_edit/al-khawaja-delivery-full/vendor/laravel/framework/src/Illuminate/View/ViewServiceProvider.php(97): Illuminate\\View\\Compilers\\Compiler->__construct()
#1 /mnt/data/khawaja_edit/al-khawaja-delivery-full/vendor/laravel/framework/src/Illuminate/Container/Container.php(1140): Illuminate\\View\\ViewServiceProvider->{closure:Illuminate\\View\\ViewServiceProvider::registerBladeCompiler():96}()
#2 /mnt/data/khawaja_edit/al-khawaja-delivery-full/vendor/laravel/framework/src/Illuminate/Container/Container.php(939): Illuminate\\Container\\Container->build()
#3 /mnt/data/khawaja_edit/al-khawaja-delivery-full/vendor/laravel/framework/src/Illuminate/Foundation/Application.php(1085): Illuminate\\Container\\Container->resolve()
#4 /mnt/data/khawaja_edit/al-khawaja-delivery-full/vendor/laravel/framework/src/Illuminate/Container/Container.php(867): Illuminate\\Foundation\\Application->resolve()
#5 /mnt/data/khawaja_edit/al-khawaja-delivery-full/vendor/laravel/framework/src/Illuminate/Foundation/Application.php(1065): Illuminate\\Container\\Container->make()
#6 /mnt/data/khawaja_edit/al-khawaja-delivery-full/vendor/laravel/framework/src/Illuminate/Container/Container.php(1846): Illuminate\\Foundation\\Application->make()
#7 /mnt/data/khawaja_edit/al-khawaja-delivery-full/vendor/laravel/framework/src/Illuminate/Support/Facades/Facade.php(240): Illuminate\\Container\\Container->offsetGet()
#8 /mnt/data/khawaja_edit/al-khawaja-delivery-full/vendor/laravel/framework/src/Illuminate/Support/Facades/Facade.php(211): Illuminate\\Support\\Facades\\Facade::resolveFacadeInstance()
#9 /mnt/data/khawaja_edit/al-khawaja-delivery-full/vendor/laravel/framework/src/Illuminate/Support/Facades/Facade.php(358): Illuminate\\Support\\Facades\\Facade::getFacadeRoot()
#10 /mnt/data/khawaja_edit/al-khawaja-delivery-full/app/Providers/AppServiceProvider.php(39): Illuminate\\Support\\Facades\\Facade::__callStatic()
#11 /mnt/data/khawaja_edit/al-khawaja-delivery-full/vendor/laravel/framework/src/Illuminate/Container/BoundMethod.php(36): App\\Providers\\AppServiceProvider->boot()
#12 /mnt/data/khawaja_edit/al-khawaja-delivery-full/vendor/laravel/framework/src/Illuminate/Container/Util.php(43): Illuminate\\Container\\BoundMethod::{closure:Illuminate\\Container\\BoundMethod::call():35}()
#13 /mnt/data/khawaja_edit/al-khawaja-delivery-full/vendor/laravel/framework/src/Illuminate/Container/BoundMethod.php(96): Illuminate\\Container\\Util::unwrapIfClosure()
#14 /mnt/data/khawaja_edit/al-khawaja-delivery-full/vendor/laravel/framework/src/Illuminate/Container/BoundMethod.php(35): Illuminate\\Container\\BoundMethod::callBoundMethod()
#15 /mnt/data/khawaja_edit/al-khawaja-delivery-full/vendor/laravel/framework/src/Illuminate/Container/Container.php(803): Illuminate\\Container\\BoundMethod::call()
#16 /mnt/data/khawaja_edit/al-khawaja-delivery-full/vendor/laravel/framework/src/Illuminate/Foundation/Application.php(1158): Illuminate\\Container\\Container->call()
#17 /mnt/data/khawaja_edit/al-khawaja-delivery-full/vendor/laravel/framework/src/Illuminate/Foundation/Application.php(1139): Illuminate\\Foundation\\Application->bootProvider()
#18 [internal function]: Illuminate\\Foundation\\Application->{closure:Illuminate\\Foundation\\Application::boot():1138}()
#19 /mnt/data/khawaja_edit/al-khawaja-delivery-full/vendor/laravel/framework/src/Illuminate/Foundation/Application.php(1138): array_walk()
#20 /mnt/data/khawaja_edit/al-khawaja-delivery-full/vendor/laravel/framework/src/Illuminate/Foundation/Bootstrap/BootProviders.php(17): Illuminate\\Foundation\\Application->boot()
#21 /mnt/data/khawaja_edit/al-khawaja-delivery-full/vendor/laravel/framework/src/Illuminate/Foundation/Application.php(349): Illuminate\\Foundation\\Bootstrap\\BootProviders->bootstrap()
#22 /mnt/data/khawaja_edit/al-khawaja-delivery-full/vendor/laravel/framework/src/Illuminate/Foundation/Console/Kernel.php(507): Illuminate\\Foundation\\Application->bootstrapWith()
#23 /mnt/data/khawaja_edit/al-khawaja-delivery-full/vendor/laravel/framework/src/Illuminate/Foundation/Console/Kernel.php(196): Illuminate\\Foundation\\Console\\Kernel->bootstrap()
#24 /mnt/data/khawaja_edit/al-khawaja-delivery-full/vendor/laravel/framework/src/Illuminate/Foundation/Application.php(1242): Illuminate\\Foundation\\Console\\Kernel->handle()
#25 /mnt/data/khawaja_edit/al-khawaja-delivery-full/artisan(16): Illuminate\\Foundation\\Application->handleCommand()
#26 {main}
"} 
[2026-09-17 18:34:10] production.ERROR: Class "DOMDocument" not found {"exception":"[object] (Error(code: 0): Class \"DOMDocument\" not found at /mnt/data/khawaja_edit/al-khawaja-delivery-full/vendor/nunomaduro/termwind/src/HtmlRenderer.php:32)
[stacktrace]
#0 /mnt/data/khawaja_edit/al-khawaja-delivery-full/vendor/nunomaduro/termwind/src/HtmlRenderer.php(24): Termwind\\HtmlRenderer->parse()
#1 /mnt/data/khawaja_edit/al-khawaja-delivery-full/vendor/nunomaduro/termwind/src/Functions.php(41): Termwind\\HtmlRenderer->render()
#2 /mnt/data/khawaja_edit/al-khawaja-delivery-full/vendor/laravel/framework/src/Illuminate/Console/View/Components/Component.php(51): Termwind\\render()
#3 /mnt/data/khawaja_edit/al-khawaja-delivery-full/vendor/laravel/framework/src/Illuminate/Console/View/Components/Line.php(54): Illuminate\\Console\\View\\Components\\Component->renderView()
#4 /mnt/data/khawaja_edit/al-khawaja-delivery-full/vendor/laravel/framework/src/Illuminate/Console/View/Components/Info.php(18): Illuminate\\Console\\View\\Components\\Line->render()
#5 /mnt/data/khawaja_edit/al-khawaja-delivery-full/vendor/laravel/framework/src/Illuminate/Console/View/Components/Factory.php(61): Illuminate\\Console\\View\\Components\\Info->render()
#6 /mnt/data/khawaja_edit/al-khawaja-delivery-full/vendor/laravel/framework/src/Illuminate/Foundation/Console/ViewClearCommand.php(73): Illuminate\\Console\\View\\Components\\Factory->__call()
#7 /mnt/data/khawaja_edit/al-khawaja-delivery-full/vendor/laravel/framework/src/Illuminate/Container/BoundMethod.php(36): Illuminate\\Foundation\\Console\\ViewClearCommand->handle()
#8 /mnt/data/khawaja_edit/al-khawaja-delivery-full/vendor/laravel/framework/src/Illuminate/Container/Util.php(43): Illuminate\\Container\\BoundMethod::{closure:Illuminate\\Container\\BoundMethod::call():35}()
#9 /mnt/data/khawaja_edit/al-khawaja-delivery-full/vendor/laravel/framework/src/Illuminate/Container/BoundMethod.php(96): Illuminate\\Container\\Util::unwrapIfClosure()
#10 /mnt/data/khawaja_edit/al-khawaja-delivery-full/vendor/laravel/framework/src/Illuminate/Container/BoundMethod.php(35): Illuminate\\Container\\BoundMethod::callBoundMethod()
#11 /mnt/data/khawaja_edit/al-khawaja-delivery-full/vendor/laravel/framework/src/Illuminate/Container/Container.php(803): Illuminate\\Container\\BoundMethod::call()
#12 /mnt/data/khawaja_edit/al-khawaja-delivery-full/vendor/laravel/framework/src/Illuminate/Console/Command.php(292): Illuminate\\Container\\Container->call()
#13 /mnt/data/khawaja_edit/al-khawaja-delivery-full/vendor/symfony/console/Command/Command.php(341): Illuminate\\Console\\Command->execute()
#14 /mnt/data/khawaja_edit/al-khawaja-delivery-full/vendor/laravel/framework/src/Illuminate/Console/Command.php(261): Symfony\\Component\\Console\\Command\\Command->run()
#15 /mnt/data/khawaja_edit/al-khawaja-delivery-full/vendor/laravel/framework/src/Illuminate/Console/Concerns/CallsCommands.php(68): Illuminate\\Console\\Command->run()
#16 /mnt/data/khawaja_edit/al-khawaja-delivery-full/vendor/laravel/framework/src/Illuminate/Console/Concerns/CallsCommands.php(41): Illuminate\\Console\\Command->runCommand()
#17 /mnt/data/khawaja_edit/al-khawaja-delivery-full/vendor/laravel/framework/src/Illuminate/Foundation/Console/ViewCacheCommand.php(36): Illuminate\\Console\\Command->callSilent()
#18 /mnt/data/khawaja_edit/al-khawaja-delivery-full/vendor/laravel/framework/src/Illuminate/Container/BoundMethod.php(36): Illuminate\\Foundation\\Console\\ViewCacheCommand->handle()
#19 /mnt/data/khawaja_edit/al-khawaja-delivery-full/vendor/laravel/framework/src/Illuminate/Container/Util.php(43): Illuminate\\Container\\BoundMethod::{closure:Illuminate\\Container\\BoundMethod::call():35}()
#20 /mnt/data/khawaja_edit/al-khawaja-delivery-full/vendor/laravel/framework/src/Illuminate/Container/BoundMethod.php(96): Illuminate\\Container\\Util::unwrapIfClosure()
#21 /mnt/data/khawaja_edit/al-khawaja-delivery-full/vendor/laravel/framework/src/Illuminate/Container/BoundMethod.php(35): Illuminate\\Container\\BoundMethod::callBoundMethod()
#22 /mnt/data/khawaja_edit/al-khawaja-delivery-full/vendor/laravel/framework/src/Illuminate/Container/Container.php(803): Illuminate\\Container\\BoundMethod::call()
#23 /mnt/data/khawaja_edit/al-khawaja-delivery-full/vendor/laravel/framework/src/Illuminate/Console/Command.php(292): Illuminate\\Container\\Container->call()
#24 /mnt/data/khawaja_edit/al-khawaja-delivery-full/vendor/symfony/console/Command/Command.php(341): Illuminate\\Console\\Command->execute()
#25 /mnt/data/khawaja_edit/al-khawaja-delivery-full/vendor/laravel/framework/src/Illuminate/Console/Command.php(261): Symfony\\Component\\Console\\Command\\Command->run()
#26 /mnt/data/khawaja_edit/al-khawaja-delivery-full/vendor/symfony/console/Application.php(1117): Illuminate\\Console\\Command->run()
#27 /mnt/data/khawaja_edit/al-khawaja-delivery-full/vendor/symfony/console/Application.php(356): Symfony\\Component\\Console\\Application->doRunCommand()
#28 /mnt/data/khawaja_edit/al-khawaja-delivery-full/vendor/symfony/console/Application.php(195): Symfony\\Component\\Console\\Application->doRun()
#29 /mnt/data/khawaja_edit/al-khawaja-delivery-full/vendor/laravel/framework/src/Illuminate/Foundation/Console/Kernel.php(198): Symfony\\Component\\Console\\Application->run()
#30 /mnt/data/khawaja_edit/al-khawaja-delivery-full/vendor/laravel/framework/src/Illuminate/Foundation/Application.php(1242): Illuminate\\Foundation\\Console\\Kernel->handle()
#31 /mnt/data/khawaja_edit/al-khawaja-delivery-full/artisan(16): Illuminate\\Foundation\\Application->handleCommand()
#32 {main}
"} 
[2026-09-17 18:58:54] local.ERROR: Class "DOMDocument" not found {"exception":"[object] (Error(code: 0): Class \"DOMDocument\" not found at /mnt/data/khawaja_final_edit/vendor/nunomaduro/termwind/src/HtmlRenderer.php:32)
[stacktrace]
#0 /mnt/data/khawaja_final_edit/vendor/nunomaduro/termwind/src/HtmlRenderer.php(24): Termwind\\HtmlRenderer->parse()
#1 /mnt/data/khawaja_final_edit/vendor/nunomaduro/termwind/src/Functions.php(41): Termwind\\HtmlRenderer->render()
#2 /mnt/data/khawaja_final_edit/vendor/laravel/framework/src/Illuminate/Console/View/Components/Component.php(51): Termwind\\render()
#3 /mnt/data/khawaja_final_edit/vendor/laravel/framework/src/Illuminate/Console/View/Components/Line.php(54): Illuminate\\Console\\View\\Components\\Component->renderView()
#4 /mnt/data/khawaja_final_edit/vendor/laravel/framework/src/Illuminate/Console/View/Components/Info.php(18): Illuminate\\Console\\View\\Components\\Line->render()
#5 /mnt/data/khawaja_final_edit/vendor/laravel/framework/src/Illuminate/Console/View/Components/Factory.php(61): Illuminate\\Console\\View\\Components\\Info->render()
#6 /mnt/data/khawaja_final_edit/vendor/laravel/framework/src/Illuminate/Foundation/Console/KeyGenerateCommand.php(58): Illuminate\\Console\\View\\Components\\Factory->__call()
#7 /mnt/data/khawaja_final_edit/vendor/laravel/framework/src/Illuminate/Container/BoundMethod.php(36): Illuminate\\Foundation\\Console\\KeyGenerateCommand->handle()
#8 /mnt/data/khawaja_final_edit/vendor/laravel/framework/src/Illuminate/Container/Util.php(43): Illuminate\\Container\\BoundMethod::{closure:Illuminate\\Container\\BoundMethod::call():35}()
#9 /mnt/data/khawaja_final_edit/vendor/laravel/framework/src/Illuminate/Container/BoundMethod.php(96): Illuminate\\Container\\Util::unwrapIfClosure()
#10 /mnt/data/khawaja_final_edit/vendor/laravel/framework/src/Illuminate/Container/BoundMethod.php(35): Illuminate\\Container\\BoundMethod::callBoundMethod()
#11 /mnt/data/khawaja_final_edit/vendor/laravel/framework/src/Illuminate/Container/Container.php(803): Illuminate\\Container\\BoundMethod::call()
#12 /mnt/data/khawaja_final_edit/vendor/laravel/framework/src/Illuminate/Console/Command.php(292): Illuminate\\Container\\Container->call()
#13 /mnt/data/khawaja_final_edit/vendor/symfony/console/Command/Command.php(341): Illuminate\\Console\\Command->execute()
#14 /mnt/data/khawaja_final_edit/vendor/laravel/framework/src/Illuminate/Console/Command.php(261): Symfony\\Component\\Console\\Command\\Command->run()
#15 /mnt/data/khawaja_final_edit/vendor/symfony/console/Application.php(1117): Illuminate\\Console\\Command->run()
#16 /mnt/data/khawaja_final_edit/vendor/symfony/console/Application.php(356): Symfony\\Component\\Console\\Application->doRunCommand()
#17 /mnt/data/khawaja_final_edit/vendor/symfony/console/Application.php(195): Symfony\\Component\\Console\\Application->doRun()
#18 /mnt/data/khawaja_final_edit/vendor/laravel/framework/src/Illuminate/Foundation/Console/Kernel.php(198): Symfony\\Component\\Console\\Application->run()
#19 /mnt/data/khawaja_final_edit/vendor/laravel/framework/src/Illuminate/Foundation/Application.php(1242): Illuminate\\Foundation\\Console\\Kernel->handle()
#20 /mnt/data/khawaja_final_edit/artisan(16): Illuminate\\Foundation\\Application->handleCommand()
#21 {main}
"} 
[2026-09-17 19:01:50] local.ERROR: Class "DOMDocument" not found {"exception":"[object] (Error(code: 0): Class \"DOMDocument\" not found at /mnt/data/khawaja_final_edit/vendor/nunomaduro/termwind/src/HtmlRenderer.php:32)
[stacktrace]
#0 /mnt/data/khawaja_final_edit/vendor/nunomaduro/termwind/src/HtmlRenderer.php(24): Termwind\\HtmlRenderer->parse()
#1 /mnt/data/khawaja_final_edit/vendor/nunomaduro/termwind/src/Functions.php(41): Termwind\\HtmlRenderer->render()
#2 /mnt/data/khawaja_final_edit/vendor/laravel/framework/src/Illuminate/Console/View/Components/Component.php(51): Termwind\\render()
#3 /mnt/data/khawaja_final_edit/vendor/laravel/framework/src/Illuminate/Console/View/Components/Line.php(54): Illuminate\\Console\\View\\Components\\Component->renderView()
#4 /mnt/data/khawaja_final_edit/vendor/laravel/framework/src/Illuminate/Console/View/Components/Info.php(18): Illuminate\\Console\\View\\Components\\Line->render()
#5 /mnt/data/khawaja_final_edit/vendor/laravel/framework/src/Illuminate/Console/View/Components/Factory.php(61): Illuminate\\Console\\View\\Components\\Info->render()
#6 /mnt/data/khawaja_final_edit/vendor/laravel/framework/src/Illuminate/Foundation/Console/PackageDiscoverCommand.php(35): Illuminate\\Console\\View\\Components\\Factory->__call()
#7 /mnt/data/khawaja_final_edit/vendor/laravel/framework/src/Illuminate/Container/BoundMethod.php(36): Illuminate\\Foundation\\Console\\PackageDiscoverCommand->handle()
#8 /mnt/data/khawaja_final_edit/vendor/laravel/framework/src/Illuminate/Container/Util.php(43): Illuminate\\Container\\BoundMethod::{closure:Illuminate\\Container\\BoundMethod::call():35}()
#9 /mnt/data/khawaja_final_edit/vendor/laravel/framework/src/Illuminate/Container/BoundMethod.php(96): Illuminate\\Container\\Util::unwrapIfClosure()
#10 /mnt/data/khawaja_final_edit/vendor/laravel/framework/src/Illuminate/Container/BoundMethod.php(35): Illuminate\\Container\\BoundMethod::callBoundMethod()
#11 /mnt/data/khawaja_final_edit/vendor/laravel/framework/src/Illuminate/Container/Container.php(803): Illuminate\\Container\\BoundMethod::call()
#12 /mnt/data/khawaja_final_edit/vendor/laravel/framework/src/Illuminate/Console/Command.php(292): Illuminate\\Container\\Container->call()
#13 /mnt/data/khawaja_final_edit/vendor/symfony/console/Command/Command.php(341): Illuminate\\Console\\Command->execute()
#14 /mnt/data/khawaja_final_edit/vendor/laravel/framework/src/Illuminate/Console/Command.php(261): Symfony\\Component\\Console\\Command\\Command->run()
#15 /mnt/data/khawaja_final_edit/vendor/symfony/console/Application.php(1117): Illuminate\\Console\\Command->run()
#16 /mnt/data/khawaja_final_edit/vendor/symfony/console/Application.php(356): Symfony\\Component\\Console\\Application->doRunCommand()
#17 /mnt/data/khawaja_final_edit/vendor/symfony/console/Application.php(195): Symfony\\Component\\Console\\Application->doRun()
#18 /mnt/data/khawaja_final_edit/vendor/laravel/framework/src/Illuminate/Foundation/Console/Kernel.php(198): Symfony\\Component\\Console\\Application->run()
#19 /mnt/data/khawaja_final_edit/vendor/laravel/framework/src/Illuminate/Foundation/Application.php(1242): Illuminate\\Foundation\\Console\\Kernel->handle()
#20 /mnt/data/khawaja_final_edit/artisan(16): Illuminate\\Foundation\\Application->handleCommand()
#21 {main}
"} 
[2026-09-17 19:02:48] local.ERROR: Class "DOMDocument" not found {"exception":"[object] (Error(code: 0): Class \"DOMDocument\" not found at /mnt/data/khawaja_final_edit/vendor/nunomaduro/termwind/src/HtmlRenderer.php:32)
[stacktrace]
#0 /mnt/data/khawaja_final_edit/vendor/nunomaduro/termwind/src/HtmlRenderer.php(24): Termwind\\HtmlRenderer->parse()
#1 /mnt/data/khawaja_final_edit/vendor/nunomaduro/termwind/src/Functions.php(41): Termwind\\HtmlRenderer->render()
#2 /mnt/data/khawaja_final_edit/vendor/laravel/framework/src/Illuminate/Console/View/Components/Component.php(51): Termwind\\render()
#3 /mnt/data/khawaja_final_edit/vendor/laravel/framework/src/Illuminate/Console/View/Components/Line.php(54): Illuminate\\Console\\View\\Components\\Component->renderView()
#4 /mnt/data/khawaja_final_edit/vendor/laravel/framework/src/Illuminate/Console/View/Components/Info.php(18): Illuminate\\Console\\View\\Components\\Line->render()
#5 /mnt/data/khawaja_final_edit/vendor/laravel/framework/src/Illuminate/Console/View/Components/Factory.php(61): Illuminate\\Console\\View\\Components\\Info->render()
#6 /mnt/data/khawaja_final_edit/vendor/laravel/framework/src/Illuminate/Foundation/Console/KeyGenerateCommand.php(58): Illuminate\\Console\\View\\Components\\Factory->__call()
#7 /mnt/data/khawaja_final_edit/vendor/laravel/framework/src/Illuminate/Container/BoundMethod.php(36): Illuminate\\Foundation\\Console\\KeyGenerateCommand->handle()
#8 /mnt/data/khawaja_final_edit/vendor/laravel/framework/src/Illuminate/Container/Util.php(43): Illuminate\\Container\\BoundMethod::{closure:Illuminate\\Container\\BoundMethod::call():35}()
#9 /mnt/data/khawaja_final_edit/vendor/laravel/framework/src/Illuminate/Container/BoundMethod.php(96): Illuminate\\Container\\Util::unwrapIfClosure()
#10 /mnt/data/khawaja_final_edit/vendor/laravel/framework/src/Illuminate/Container/BoundMethod.php(35): Illuminate\\Container\\BoundMethod::callBoundMethod()
#11 /mnt/data/khawaja_final_edit/vendor/laravel/framework/src/Illuminate/Container/Container.php(803): Illuminate\\Container\\BoundMethod::call()
#12 /mnt/data/khawaja_final_edit/vendor/laravel/framework/src/Illuminate/Console/Command.php(292): Illuminate\\Container\\Container->call()
#13 /mnt/data/khawaja_final_edit/vendor/symfony/console/Command/Command.php(341): Illuminate\\Console\\Command->execute()
#14 /mnt/data/khawaja_final_edit/vendor/laravel/framework/src/Illuminate/Console/Command.php(261): Symfony\\Component\\Console\\Command\\Command->run()
#15 /mnt/data/khawaja_final_edit/vendor/symfony/console/Application.php(1117): Illuminate\\Console\\Command->run()
#16 /mnt/data/khawaja_final_edit/vendor/symfony/console/Application.php(356): Symfony\\Component\\Console\\Application->doRunCommand()
#17 /mnt/data/khawaja_final_edit/vendor/symfony/console/Application.php(195): Symfony\\Component\\Console\\Application->doRun()
#18 /mnt/data/khawaja_final_edit/vendor/laravel/framework/src/Illuminate/Foundation/Console/Kernel.php(198): Symfony\\Component\\Console\\Application->run()
#19 /mnt/data/khawaja_final_edit/vendor/laravel/framework/src/Illuminate/Foundation/Application.php(1242): Illuminate\\Foundation\\Console\\Kernel->handle()
#20 /mnt/data/khawaja_final_edit/artisan(16): Illuminate\\Foundation\\Application->handleCommand()
#21 {main}
"} 
[2026-09-17 19:25:40] production.ERROR: Please provide a valid cache path. {"exception":"[object] (InvalidArgumentException(code: 0): Please provide a valid cache path. at C:/Users/HP/Downloads/al-khawaja-final-v2-full/al-khawaja-delivery-full/vendor/laravel/framework/src/Illuminate/View/Compilers/Compiler.php:75)
[stacktrace]
#0 C:/Users/HP/Downloads/al-khawaja-final-v2-full/al-khawaja-delivery-full/vendor/laravel/framework/src/Illuminate/View/ViewServiceProvider.php(97): Illuminate/View/Compilers/Compiler->__construct(Object(Illuminate/Filesystem/Filesystem), false, '', true, 'php', true)
#1 C:/Users/HP/Downloads/al-khawaja-final-v2-full/al-khawaja-delivery-full/vendor/laravel/framework/src/Illuminate/Container/Container.php(1140): Illuminate/View/ViewServiceProvider->{closure:Illuminate/View/ViewServiceProvider::registerBladeCompiler():96}(Object(Illuminate/Foundation/Application), Array)
#2 C:/Users/HP/Downloads/al-khawaja-final-v2-full/al-khawaja-delivery-full/vendor/laravel/framework/src/Illuminate/Container/Container.php(939): Illuminate/Container/Container->build(Object(Closure))
#3 C:/Users/HP/Downloads/al-khawaja-final-v2-full/al-khawaja-delivery-full/vendor/laravel/framework/src/Illuminate/Foundation/Application.php(1085): Illuminate/Container/Container->resolve('blade.compiler', Array, true)
#4 C:/Users/HP/Downloads/al-khawaja-final-v2-full/al-khawaja-delivery-full/vendor/laravel/framework/src/Illuminate/Container/Container.php(867): Illuminate/Foundation/Application->resolve('blade.compiler', Array)
#5 C:/Users/HP/Downloads/al-khawaja-final-v2-full/al-khawaja-delivery-full/vendor/laravel/framework/src/Illuminate/Foundation/Application.php(1065): Illuminate/Container/Container->make('blade.compiler', Array)
#6 C:/Users/HP/Downloads/al-khawaja-final-v2-full/al-khawaja-delivery-full/vendor/laravel/framework/src/Illuminate/Container/Container.php(1846): Illuminate/Foundation/Application->make('blade.compiler')
#7 C:/Users/HP/Downloads/al-khawaja-final-v2-full/al-khawaja-delivery-full/vendor/laravel/framework/src/Illuminate/Support/Facades/Facade.php(240): Illuminate/Container/Container->offsetGet('blade.compiler')
#8 C:/Users/HP/Downloads/al-khawaja-final-v2-full/al-khawaja-delivery-full/vendor/laravel/framework/src/Illuminate/Support/Facades/Facade.php(211): Illuminate/Support/Facades/Facade::resolveFacadeInstance('blade.compiler')
#9 C:/Users/HP/Downloads/al-khawaja-final-v2-full/al-khawaja-delivery-full/vendor/laravel/framework/src/Illuminate/Support/Facades/Facade.php(358): Illuminate/Support/Facades/Facade::getFacadeRoot()
#10 C:/Users/HP/Downloads/al-khawaja-final-v2-full/al-khawaja-delivery-full/app/Providers/AppServiceProvider.php(41): Illuminate/Support/Facades/Facade::__callStatic('if', Array)
#11 C:/Users/HP/Downloads/al-khawaja-final-v2-full/al-khawaja-delivery-full/vendor/laravel/framework/src/Illuminate/Container/BoundMethod.php(36): App/Providers/AppServiceProvider->boot()
#12 C:/Users/HP/Downloads/al-khawaja-final-v2-full/al-khawaja-delivery-full/vendor/laravel/framework/src/Illuminate/Container/Util.php(43): Illuminate/Container/BoundMethod::{closure:Illuminate/Container/BoundMethod::call():35}()
#13 C:/Users/HP/Downloads/al-khawaja-final-v2-full/al-khawaja-delivery-full/vendor/laravel/framework/src/Illuminate/Container/BoundMethod.php(96): Illuminate/Container/Util::unwrapIfClosure(Object(Closure))
#14 C:/Users/HP/Downloads/al-khawaja-final-v2-full/al-khawaja-delivery-full/vendor/laravel/framework/src/Illuminate/Container/BoundMethod.php(35): Illuminate/Container/BoundMethod::callBoundMethod(Object(Illuminate/Foundation/Application), Array, Object(Closure))
#15 C:/Users/HP/Downloads/al-khawaja-final-v2-full/al-khawaja-delivery-full/vendor/laravel/framework/src/Illuminate/Container/Container.php(803): Illuminate/Container/BoundMethod::call(Object(Illuminate/Foundation/Application), Array, Array, NULL)
#16 C:/Users/HP/Downloads/al-khawaja-final-v2-full/al-khawaja-delivery-full/vendor/laravel/framework/src/Illuminate/Foundation/Application.php(1158): Illuminate/Container/Container->call(Array)
#17 C:/Users/HP/Downloads/al-khawaja-final-v2-full/al-khawaja-delivery-full/vendor/laravel/framework/src/Illuminate/Foundation/Application.php(1139): Illuminate/Foundation/Application->bootProvider(Object(App/Providers/AppServiceProvider))
#18 [internal function]: Illuminate/Foundation/Application->{closure:Illuminate/Foundation/Application::boot():1138}(Object(App/Providers/AppServiceProvider), 'App//Providers//A...')
#19 C:/Users/HP/Downloads/al-khawaja-final-v2-full/al-khawaja-delivery-full/vendor/laravel/framework/src/Illuminate/Foundation/Application.php(1138): array_walk(Array, Object(Closure))
#20 C:/Users/HP/Downloads/al-khawaja-final-v2-full/al-khawaja-delivery-full/vendor/laravel/framework/src/Illuminate/Foundation/Bootstrap/BootProviders.php(17): Illuminate/Foundation/Application->boot()
#21 C:/Users/HP/Downloads/al-khawaja-final-v2-full/al-khawaja-delivery-full/vendor/laravel/framework/src/Illuminate/Foundation/Application.php(349): Illuminate/Foundation/Bootstrap/BootProviders->bootstrap(Object(Illuminate/Foundation/Application))
#22 C:/Users/HP/Downloads/al-khawaja-final-v2-full/al-khawaja-delivery-full/vendor/laravel/framework/src/Illuminate/Foundation/Console/Kernel.php(507): Illuminate/Foundation/Application->bootstrapWith(Array)
#23 C:/Users/HP/Downloads/al-khawaja-final-v2-full/al-khawaja-delivery-full/vendor/laravel/framework/src/Illuminate/Foundation/Console/Kernel.php(196): Illuminate/Foundation/Console/Kernel->bootstrap()
#24 C:/Users/HP/Downloads/al-khawaja-final-v2-full/al-khawaja-delivery-full/vendor/laravel/framework/src/Illuminate/Foundation/Application.php(1242): Illuminate/Foundation/Console/Kernel->handle(Object(Symfony/Component/Console/Input/ArgvInput), Object(Symfony/Component/Console/Output/ConsoleOutput))
#25 C:/Users/HP/Downloads/al-khawaja-final-v2-full/al-khawaja-delivery-full/artisan(16): Illuminate/Foundation/Application->handleCommand(Object(Symfony/Component/Console/Input/ArgvInput))
#26 {main}
"} 
[2026-09-17 19:30:41] production.ERROR: Please provide a valid cache path. {"exception":"[object] (InvalidArgumentException(code: 0): Please provide a valid cache path. at C:/Users/HP/Downloads/al-khawaja-final-v2-full/al-khawaja-delivery-full/vendor/laravel/framework/src/Illuminate/View/Compilers/Compiler.php:75)
[stacktrace]
#0 C:/Users/HP/Downloads/al-khawaja-final-v2-full/al-khawaja-delivery-full/vendor/laravel/framework/src/Illuminate/View/ViewServiceProvider.php(97): Illuminate/View/Compilers/Compiler->__construct(Object(Illuminate/Filesystem/Filesystem), false, '', true, 'php', true)
#1 C:/Users/HP/Downloads/al-khawaja-final-v2-full/al-khawaja-delivery-full/vendor/laravel/framework/src/Illuminate/Container/Container.php(1140): Illuminate/View/ViewServiceProvider->{closure:Illuminate/View/ViewServiceProvider::registerBladeCompiler():96}(Object(Illuminate/Foundation/Application), Array)
#2 C:/Users/HP/Downloads/al-khawaja-final-v2-full/al-khawaja-delivery-full/vendor/laravel/framework/src/Illuminate/Container/Container.php(939): Illuminate/Container/Container->build(Object(Closure))
#3 C:/Users/HP/Downloads/al-khawaja-final-v2-full/al-khawaja-delivery-full/vendor/laravel/framework/src/Illuminate/Foundation/Application.php(1085): Illuminate/Container/Container->resolve('blade.compiler', Array, true)
#4 C:/Users/HP/Downloads/al-khawaja-final-v2-full/al-khawaja-delivery-full/vendor/laravel/framework/src/Illuminate/Container/Container.php(867): Illuminate/Foundation/Application->resolve('blade.compiler', Array)
#5 C:/Users/HP/Downloads/al-khawaja-final-v2-full/al-khawaja-delivery-full/vendor/laravel/framework/src/Illuminate/Foundation/Application.php(1065): Illuminate/Container/Container->make('blade.compiler', Array)
#6 C:/Users/HP/Downloads/al-khawaja-final-v2-full/al-khawaja-delivery-full/vendor/laravel/framework/src/Illuminate/Container/Container.php(1846): Illuminate/Foundation/Application->make('blade.compiler')
#7 C:/Users/HP/Downloads/al-khawaja-final-v2-full/al-khawaja-delivery-full/vendor/laravel/framework/src/Illuminate/Support/Facades/Facade.php(240): Illuminate/Container/Container->offsetGet('blade.compiler')
#8 C:/Users/HP/Downloads/al-khawaja-final-v2-full/al-khawaja-delivery-full/vendor/laravel/framework/src/Illuminate/Support/Facades/Facade.php(211): Illuminate/Support/Facades/Facade::resolveFacadeInstance('blade.compiler')
#9 C:/Users/HP/Downloads/al-khawaja-final-v2-full/al-khawaja-delivery-full/vendor/laravel/framework/src/Illuminate/Support/Facades/Facade.php(358): Illuminate/Support/Facades/Facade::getFacadeRoot()
#10 C:/Users/HP/Downloads/al-khawaja-final-v2-full/al-khawaja-delivery-full/app/Providers/AppServiceProvider.php(41): Illuminate/Support/Facades/Facade::__callStatic('if', Array)
#11 C:/Users/HP/Downloads/al-khawaja-final-v2-full/al-khawaja-delivery-full/vendor/laravel/framework/src/Illuminate/Container/BoundMethod.php(36): App/Providers/AppServiceProvider->boot()
#12 C:/Users/HP/Downloads/al-khawaja-final-v2-full/al-khawaja-delivery-full/vendor/laravel/framework/src/Illuminate/Container/Util.php(43): Illuminate/Container/BoundMethod::{closure:Illuminate/Container/BoundMethod::call():35}()
#13 C:/Users/HP/Downloads/al-khawaja-final-v2-full/al-khawaja-delivery-full/vendor/laravel/framework/src/Illuminate/Container/BoundMethod.php(96): Illuminate/Container/Util::unwrapIfClosure(Object(Closure))
#14 C:/Users/HP/Downloads/al-khawaja-final-v2-full/al-khawaja-delivery-full/vendor/laravel/framework/src/Illuminate/Container/BoundMethod.php(35): Illuminate/Container/BoundMethod::callBoundMethod(Object(Illuminate/Foundation/Application), Array, Object(Closure))
#15 C:/Users/HP/Downloads/al-khawaja-final-v2-full/al-khawaja-delivery-full/vendor/laravel/framework/src/Illuminate/Container/Container.php(803): Illuminate/Container/BoundMethod::call(Object(Illuminate/Foundation/Application), Array, Array, NULL)
#16 C:/Users/HP/Downloads/al-khawaja-final-v2-full/al-khawaja-delivery-full/vendor/laravel/framework/src/Illuminate/Foundation/Application.php(1158): Illuminate/Container/Container->call(Array)
#17 C:/Users/HP/Downloads/al-khawaja-final-v2-full/al-khawaja-delivery-full/vendor/laravel/framework/src/Illuminate/Foundation/Application.php(1139): Illuminate/Foundation/Application->bootProvider(Object(App/Providers/AppServiceProvider))
#18 [internal function]: Illuminate/Foundation/Application->{closure:Illuminate/Foundation/Application::boot():1138}(Object(App/Providers/AppServiceProvider), 'App//Providers//A...')
#19 C:/Users/HP/Downloads/al-khawaja-final-v2-full/al-khawaja-delivery-full/vendor/laravel/framework/src/Illuminate/Foundation/Application.php(1138): array_walk(Array, Object(Closure))
#20 C:/Users/HP/Downloads/al-khawaja-final-v2-full/al-khawaja-delivery-full/vendor/laravel/framework/src/Illuminate/Foundation/Bootstrap/BootProviders.php(17): Illuminate/Foundation/Application->boot()
#21 C:/Users/HP/Downloads/al-khawaja-final-v2-full/al-khawaja-delivery-full/vendor/laravel/framework/src/Illuminate/Foundation/Application.php(349): Illuminate/Foundation/Bootstrap/BootProviders->bootstrap(Object(Illuminate/Foundation/Application))
#22 C:/Users/HP/Downloads/al-khawaja-final-v2-full/al-khawaja-delivery-full/vendor/laravel/framework/src/Illuminate/Foundation/Console/Kernel.php(507): Illuminate/Foundation/Application->bootstrapWith(Array)
#23 C:/Users/HP/Downloads/al-khawaja-final-v2-full/al-khawaja-delivery-full/vendor/laravel/framework/src/Illuminate/Foundation/Console/Kernel.php(196): Illuminate/Foundation/Console/Kernel->bootstrap()
#24 C:/Users/HP/Downloads/al-khawaja-final-v2-full/al-khawaja-delivery-full/vendor/laravel/framework/src/Illuminate/Foundation/Application.php(1242): Illuminate/Foundation/Console/Kernel->handle(Object(Symfony/Component/Console/Input/ArgvInput), Object(Symfony/Component/Console/Output/ConsoleOutput))
#25 C:/Users/HP/Downloads/al-khawaja-final-v2-full/al-khawaja-delivery-full/artisan(16): Illuminate/Foundation/Application->handleCommand(Object(Symfony/Component/Console/Input/ArgvInput))
#26 {main}
"} 
[2026-09-17 19:35:13] local.ERROR: Database file at path [C:\Users\HP\Downloads\al-khawaja-final-v2-full\al-khawaja-delivery-full\database\database.sqlite] does not exist. Ensure this is an absolute path to the database. (Connection: sqlite, Database: C:\Users\HP\Downloads\al-khawaja-final-v2-full\al-khawaja-delivery-full\database\database.sqlite, SQL: select * from "sessions" where "id" = N7c6dVOb4iPMPZnmtES8UTsbtc6UPIUzj8ud4ZNc limit 1) {"exception":"[object] (Illuminate\\Database\\QueryException(code: 0): Database file at path [C:\\Users\\HP\\Downloads\\al-khawaja-final-v2-full\\al-khawaja-delivery-full\\database\\database.sqlite] does not exist. Ensure this is an absolute path to the database. (Connection: sqlite, Database: C:\\Users\\HP\\Downloads\\al-khawaja-final-v2-full\\al-khawaja-delivery-full\\database\\database.sqlite, SQL: select * from \"sessions\" where \"id\" = N7c6dVOb4iPMPZnmtES8UTsbtc6UPIUzj8ud4ZNc limit 1) at C:/Users/HP/Downloads/al-khawaja-final-v2-full/al-khawaja-delivery-full/vendor/laravel/framework/src/Illuminate/Database/Connection.php:857)
[stacktrace]
#0 C:/Users/HP/Downloads/al-khawaja-final-v2-full/al-khawaja-delivery-full/vendor/laravel/framework/src/Illuminate/Database/Connection.php(813): Illuminate/Database/Connection->runQueryCallback('select * from \"...', Array, Object(Closure))
#1 C:/Users/HP/Downloads/al-khawaja-final-v2-full/al-khawaja-delivery-full/vendor/laravel/framework/src/Illuminate/Database/Connection.php(426): Illuminate/Database/Connection->run('select * from \"...', Array, Object(Closure))
#2 C:/Users/HP/Downloads/al-khawaja-final-v2-full/al-khawaja-delivery-full/vendor/laravel/framework/src/Illuminate/Database/Query/Builder.php(3629): Illuminate/Database/Connection->select('select * from \"...', Array, false, Array)
#3 C:/Users/HP/Downloads/al-khawaja-final-v2-full/al-khawaja-delivery-full/vendor/laravel/framework/src/Illuminate/Database/Query/Builder.php(3613): Illuminate/Database/Query/Builder->runSelect()
#4 C:/Users/HP/Downloads/al-khawaja-final-v2-full/al-khawaja-delivery-full/vendor/laravel/framework/src/Illuminate/Database/Concerns/BuildsQueries.php(408): Illuminate/Database/Query/Builder->get(Array)
#5 C:/Users/HP/Downloads/al-khawaja-final-v2-full/al-khawaja-delivery-full/vendor/laravel/framework/src/Illuminate/Database/Query/Builder.php(3531): Illuminate/Database/Query/Builder->first(Array)
#6 C:/Users/HP/Downloads/al-khawaja-final-v2-full/al-khawaja-delivery-full/vendor/laravel/framework/src/Illuminate/Session/DatabaseSessionHandler.php(117): Illuminate/Database/Query/Builder->find('N7c6dVOb4iPMPZn...')
#7 C:/Users/HP/Downloads/al-khawaja-final-v2-full/al-khawaja-delivery-full/vendor/laravel/framework/src/Illuminate/Session/Store.php(128): Illuminate/Session/DatabaseSessionHandler->read('N7c6dVOb4iPMPZn...')
#8 C:/Users/HP/Downloads/al-khawaja-final-v2-full/al-khawaja-delivery-full/vendor/laravel/framework/src/Illuminate/Session/Store.php(116): Illuminate/Session/Store->readFromHandler()
#9 C:/Users/HP/Downloads/al-khawaja-final-v2-full/al-khawaja-delivery-full/vendor/laravel/framework/src/Illuminate/Session/Store.php(100): Illuminate/Session/Store->loadSession()
#10 C:/Users/HP/Downloads/al-khawaja-final-v2-full/al-khawaja-delivery-full/vendor/laravel/framework/src/Illuminate/Session/Middleware/StartSession.php(146): Illuminate/Session/Store->start()
#11 C:/Users/HP/Downloads/al-khawaja-final-v2-full/al-khawaja-delivery-full/vendor/laravel/framework/src/Illuminate/Support/helpers.php(393): Illuminate/Session/Middleware/StartSession->{closure:Illuminate/Session/Middleware/StartSession::startSession():143}(Object(Illuminate/Session/Store))
#12 C:/Users/HP/Downloads/al-khawaja-final-v2-full/al-khawaja-delivery-full/vendor/laravel/framework/src/Illuminate/Session/Middleware/StartSession.php(143): tap(Object(Illuminate/Session/Store), Object(Closure))
#13 C:/Users/HP/Downloads/al-khawaja-final-v2-full/al-khawaja-delivery-full/vendor/laravel/framework/src/Illuminate/Session/Middleware/StartSession.php(115): Illuminate/Session/Middleware/StartSession->startSession(Object(Illuminate/Http/Request), Object(Illuminate/Session/Store))
#14 C:/Users/HP/Downloads/al-khawaja-final-v2-full/al-khawaja-delivery-full/vendor/laravel/framework/src/Illuminate/Session/Middleware/StartSession.php(63): Illuminate/Session/Middleware/StartSession->handleStatefulRequest(Object(Illuminate/Http/Request), Object(Illuminate/Session/Store), Object(Closure))
#15 C:/Users/HP/Downloads/al-khawaja-final-v2-full/al-khawaja-delivery-full/vendor/laravel/framework/src/Illuminate/Pipeline/Pipeline.php(219): Illuminate/Session/Middleware/StartSession->handle(Object(Illuminate/Http/Request), Object(Closure))
#16 C:/Users/HP/Downloads/al-khawaja-final-v2-full/al-khawaja-delivery-full/vendor/laravel/framework/src/Illuminate/Cookie/Middleware/AddQueuedCookiesToResponse.php(36): Illuminate/Pipeline/Pipeline->{closure:{closure:Illuminate/Pipeline/Pipeline::carry():194}:195}(Object(Illuminate/Http/Request))
#17 C:/Users/HP/Downloads/al-khawaja-final-v2-full/al-khawaja-delivery-full/vendor/laravel/framework/src/Illuminate/Pipeline/Pipeline.php(219): Illuminate/Cookie/Middleware/AddQueuedCookiesToResponse->handle(Object(Illuminate/Http/Request), Object(Closure))
#18 C:/Users/HP/Downloads/al-khawaja-final-v2-full/al-khawaja-delivery-full/vendor/laravel/framework/src/Illuminate/Cookie/Middleware/EncryptCookies.php(74): Illuminate/Pipeline/Pipeline->{closure:{closure:Illuminate/Pipeline/Pipeline::carry():194}:195}(Object(Illuminate/Http/Request))
#19 C:/Users/HP/Downloads/al-khawaja-final-v2-full/al-khawaja-delivery-full/vendor/laravel/framework/src/Illuminate/Pipeline/Pipeline.php(219): Illuminate/Cookie/Middleware/EncryptCookies->handle(Object(Illuminate/Http/Request), Object(Closure))
#20 C:/Users/HP/Downloads/al-khawaja-final-v2-full/al-khawaja-delivery-full/vendor/laravel/framework/src/Illuminate/Pipeline/Pipeline.php(137): Illuminate/Pipeline/Pipeline->{closure:{closure:Illuminate/Pipeline/Pipeline::carry():194}:195}(Object(Illuminate/Http/Request))
#21 C:/Users/HP/Downloads/al-khawaja-final-v2-full/al-khawaja-delivery-full/vendor/laravel/framework/src/Illuminate/Routing/Router.php(821): Illuminate/Pipeline/Pipeline->then(Object(Closure))
#22 C:/Users/HP/Downloads/al-khawaja-final-v2-full/al-khawaja-delivery-full/vendor/laravel/framework/src/Illuminate/Routing/Router.php(800): Illuminate/Routing/Router->runRouteWithinStack(Object(Illuminate/Routing/Route), Object(Illuminate/Http/Request))
#23 C:/Users/HP/Downloads/al-khawaja-final-v2-full/al-khawaja-delivery-full/vendor/laravel/framework/src/Illuminate/Routing/Router.php(764): Illuminate/Routing/Router->runRoute(Object(Illuminate/Http/Request), Object(Illuminate/Routing/Route))
#24 C:/Users/HP/Downloads/al-khawaja-final-v2-full/al-khawaja-delivery-full/vendor/laravel/framework/src/Illuminate/Routing/Router.php(753): Illuminate/Routing/Router->dispatchToRoute(Object(Illuminate/Http/Request))
#25 C:/Users/HP/Downloads/al-khawaja-final-v2-full/al-khawaja-delivery-full/vendor/laravel/framework/src/Illuminate/Foundation/Http/Kernel.php(200): Illuminate/Routing/Router->dispatch(Object(Illuminate/Http/Request))
#26 C:/Users/HP/Downloads/al-khawaja-final-v2-full/al-khawaja-delivery-full/vendor/laravel/framework/src/Illuminate/Pipeline/Pipeline.php(180): Illuminate/Foundation/Http/Kernel->{closure:Illuminate/Foundation/Http/Kernel::dispatchToRouter():197}(Object(Illuminate/Http/Request))
#27 C:/Users/HP/Downloads/al-khawaja-final-v2-full/al-khawaja-delivery-full/vendor/laravel/framework/src/Illuminate/Foundation/Http/Middleware/TransformsRequest.php(21): Illuminate/Pipeline/Pipeline->{closure:Illuminate/Pipeline/Pipeline::prepareDestination():178}(Object(Illuminate/Http/Request))
#28 C:/Users/HP/Downloads/al-khawaja-final-v2-full/al-khawaja-delivery-full/vendor/laravel/framework/src/Illuminate/Foundation/Http/Middleware/ConvertEmptyStringsToNull.php(31): Illuminate/Foundation/Http/Middleware/TransformsRequest->handle(Object(Illuminate/Http/Request), Object(Closure))
#29 C:/Users/HP/Downloads/al-khawaja-final-v2-full/al-khawaja-delivery-full/vendor/laravel/framework/src/Illuminate/Pipeline/Pipeline.php(219): Illuminate/Foundation/Http/Middleware/ConvertEmptyStringsToNull->handle(Object(Illuminate/Http/Request), Object(Closure))
#30 C:/Users/HP/Downloads/al-khawaja-final-v2-full/al-khawaja-delivery-full/vendor/laravel/framework/src/Illuminate/Foundation/Http/Middleware/TransformsRequest.php(21): Illuminate/Pipeline/Pipeline->{closure:{closure:Illuminate/Pipeline/Pipeline::carry():194}:195}(Object(Illuminate/Http/Request))
#31 C:/Users/HP/Downloads/al-khawaja-final-v2-full/al-khawaja-delivery-full/vendor/laravel/framework/src/Illuminate/Foundation/Http/Middleware/TrimStrings.php(51): Illuminate/Foundation/Http/Middleware/TransformsRequest->handle(Object(Illuminate/Http/Request), Object(Closure))
#32 C:/Users/HP/Downloads/al-khawaja-final-v2-full/al-khawaja-delivery-full/vendor/laravel/framework/src/Illuminate/Pipeline/Pipeline.php(219): Illuminate/Foundation/Http/Middleware/TrimStrings->handle(Object(Illuminate/Http/Request), Object(Closure))
#33 C:/Users/HP/Downloads/al-khawaja-final-v2-full/al-khawaja-delivery-full/vendor/laravel/framework/src/Illuminate/Http/Middleware/ValidatePostSize.php(27): Illuminate/Pipeline/Pipeline->{closure:{closure:Illuminate/Pipeline/Pipeline::carry():194}:195}(Object(Illuminate/Http/Request))
#34 C:/Users/HP/Downloads/al-khawaja-final-v2-full/al-khawaja-delivery-full/vendor/laravel/framework/src/Illuminate/Pipeline/Pipeline.php(219): Illuminate/Http/Middleware/ValidatePostSize->handle(Object(Illuminate/Http/Request), Object(Closure))
#35 C:/Users/HP/Downloads/al-khawaja-final-v2-full/al-khawaja-delivery-full/vendor/laravel/framework/src/Illuminate/Foundation/Http/Middleware/PreventRequestsDuringMaintenance.php(110): Illuminate/Pipeline/Pipeline->{closure:{closure:Illuminate/Pipeline/Pipeline::carry():194}:195}(Object(Illuminate/Http/Request))
#36 C:/Users/HP/Downloads/al-khawaja-final-v2-full/al-khawaja-delivery-full/vendor/laravel/framework/src/Illuminate/Pipeline/Pipeline.php(219): Illuminate/Foundation/Http/Middleware/PreventRequestsDuringMaintenance->handle(Object(Illuminate/Http/Request), Object(Closure))
#37 C:/Users/HP/Downloads/al-khawaja-final-v2-full/al-khawaja-delivery-full/vendor/laravel/framework/src/Illuminate/Http/Middleware/HandleCors.php(61): Illuminate/Pipeline/Pipeline->{closure:{closure:Illuminate/Pipeline/Pipeline::carry():194}:195}(Object(Illuminate/Http/Request))
#38 C:/Users/HP/Downloads/al-khawaja-final-v2-full/al-khawaja-delivery-full/vendor/laravel/framework/src/Illuminate/Pipeline/Pipeline.php(219): Illuminate/Http/Middleware/HandleCors->handle(Object(Illuminate/Http/Request), Object(Closure))
#39 C:/Users/HP/Downloads/al-khawaja-final-v2-full/al-khawaja-delivery-full/vendor/laravel/framework/src/Illuminate/Http/Middleware/TrustProxies.php(58): Illuminate/Pipeline/Pipeline->{closure:{closure:Illuminate/Pipeline/Pipeline::carry():194}:195}(Object(Illuminate/Http/Request))
#40 C:/Users/HP/Downloads/al-khawaja-final-v2-full/al-khawaja-delivery-full/vendor/laravel/framework/src/Illuminate/Pipeline/Pipeline.php(219): Illuminate/Http/Middleware/TrustProxies->handle(Object(Illuminate/Http/Request), Object(Closure))
#41 C:/Users/HP/Downloads/al-khawaja-final-v2-full/al-khawaja-delivery-full/vendor/laravel/framework/src/Illuminate/Foundation/Http/Middleware/InvokeDeferredCallbacks.php(22): Illuminate/Pipeline/Pipeline->{closure:{closure:Illuminate/Pipeline/Pipeline::carry():194}:195}(Object(Illuminate/Http/Request))
#42 C:/Users/HP/Downloads/al-khawaja-final-v2-full/al-khawaja-delivery-full/vendor/laravel/framework/src/Illuminate/Pipeline/Pipeline.php(219): Illuminate/Foundation/Http/Middleware/InvokeDeferredCallbacks->handle(Object(Illuminate/Http/Request), Object(Closure))
#43 C:/Users/HP/Downloads/al-khawaja-final-v2-full/al-khawaja-delivery-full/vendor/laravel/framework/src/Illuminate/Http/Middleware/ValidatePathEncoding.php(28): Illuminate/Pipeline/Pipeline->{closure:{closure:Illuminate/Pipeline/Pipeline::carry():194}:195}(Object(Illuminate/Http/Request))
#44 C:/Users/HP/Downloads/al-khawaja-final-v2-full/al-khawaja-delivery-full/vendor/laravel/framework/src/Illuminate/Pipeline/Pipeline.php(219): Illuminate/Http/Middleware/ValidatePathEncoding->handle(Object(Illuminate/Http/Request), Object(Closure))
#45 C:/Users/HP/Downloads/al-khawaja-final-v2-full/al-khawaja-delivery-full/vendor/laravel/framework/src/Illuminate/Pipeline/Pipeline.php(137): Illuminate/Pipeline/Pipeline->{closure:{closure:Illuminate/Pipeline/Pipeline::carry():194}:195}(Object(Illuminate/Http/Request))
#46 C:/Users/HP/Downloads/al-khawaja-final-v2-full/al-khawaja-delivery-full/vendor/laravel/framework/src/Illuminate/Foundation/Http/Kernel.php(175): Illuminate/Pipeline/Pipeline->then(Object(Closure))
#47 C:/Users/HP/Downloads/al-khawaja-final-v2-full/al-khawaja-delivery-full/vendor/laravel/framework/src/Illuminate/Foundation/Http/Kernel.php(144): Illuminate/Foundation/Http/Kernel->sendRequestThroughRouter(Object(Illuminate/Http/Request))
#48 C:/Users/HP/Downloads/al-khawaja-final-v2-full/al-khawaja-delivery-full/vendor/laravel/framework/src/Illuminate/Foundation/Application.php(1227): Illuminate/Foundation/Http/Kernel->handle(Object(Illuminate/Http/Request))
#49 C:/Users/HP/Downloads/al-khawaja-final-v2-full/al-khawaja-delivery-full/public/index.php(20): Illuminate/Foundation/Application->handleRequest(Object(Illuminate/Http/Request))
#50 C:/Users/HP/Downloads/al-khawaja-final-v2-full/al-khawaja-delivery-full/vendor/laravel/framework/src/Illuminate/Foundation/resources/server.php(23): require_once('C://Users//HP//Dow...')
#51 {main}

[previous exception] [object] (Illuminate\\Database\\SQLiteDatabaseDoesNotExistException(code: 0): Database file at path [C:\\Users\\HP\\Downloads\\al-khawaja-final-v2-full\\al-khawaja-delivery-full\\database\\database.sqlite] does not exist. Ensure this is an absolute path to the database. at C:/Users/HP/Downloads/al-khawaja-final-v2-full/al-khawaja-delivery-full/vendor/laravel/framework/src/Illuminate/Database/Connectors/SQLiteConnector.php:61)
[stacktrace]
#0 C:/Users/HP/Downloads/al-khawaja-final-v2-full/al-khawaja-delivery-full/vendor/laravel/framework/src/Illuminate/Database/Connectors/SQLiteConnector.php(19): Illuminate/Database/Connectors/SQLiteConnector->parseDatabasePath(false)
#1 C:/Users/HP/Downloads/al-khawaja-final-v2-full/al-khawaja-delivery-full/vendor/laravel/framework/src/Illuminate/Database/Connectors/ConnectionFactory.php(259): Illuminate/Database/Connectors/SQLiteConnector->connect(Array)
#2 [internal function]: Illuminate/Database/Connectors/ConnectionFactory->{closure:Illuminate/Database/Connectors/ConnectionFactory::createPdoResolverWithoutHosts():259}()
#3 C:/Users/HP/Downloads/al-khawaja-final-v2-full/al-khawaja-delivery-full/vendor/laravel/framework/src/Illuminate/Database/Connection.php(1298): call_user_func(Object(Closure))
#4 C:/Users/HP/Downloads/al-khawaja-final-v2-full/al-khawaja-delivery-full/vendor/laravel/framework/src/Illuminate/Database/Connection.php(542): Illuminate/Database/Connection->getPdo()
#5 C:/Users/HP/Downloads/al-khawaja-final-v2-full/al-khawaja-delivery-full/vendor/laravel/framework/src/Illuminate/Database/Connection.php(435): Illuminate/Database/Connection->getPdoForSelect(false)
#6 C:/Users/HP/Downloads/al-khawaja-final-v2-full/al-khawaja-delivery-full/vendor/laravel/framework/src/Illuminate/Database/Connection.php(846): Illuminate/Database/Connection->{closure:Illuminate/Database/Connection::select():426}('select * from \"...', Array)
#7 C:/Users/HP/Downloads/al-khawaja-final-v2-full/al-khawaja-delivery-full/vendor/laravel/framework/src/Illuminate/Database/Connection.php(813): Illuminate/Database/Connection->runQueryCallback('select * from \"...', Array, Object(Closure))
#8 C:/Users/HP/Downloads/al-khawaja-final-v2-full/al-khawaja-delivery-full/vendor/laravel/framework/src/Illuminate/Database/Connection.php(426): Illuminate/Database/Connection->run('select * from \"...', Array, Object(Closure))
#9 C:/Users/HP/Downloads/al-khawaja-final-v2-full/al-khawaja-delivery-full/vendor/laravel/framework/src/Illuminate/Database/Query/Builder.php(3629): Illuminate/Database/Connection->select('select * from \"...', Array, false, Array)
#10 C:/Users/HP/Downloads/al-khawaja-final-v2-full/al-khawaja-delivery-full/vendor/laravel/framework/src/Illuminate/Database/Query/Builder.php(3613): Illuminate/Database/Query/Builder->runSelect()
#11 C:/Users/HP/Downloads/al-khawaja-final-v2-full/al-khawaja-delivery-full/vendor/laravel/framework/src/Illuminate/Database/Concerns/BuildsQueries.php(408): Illuminate/Database/Query/Builder->get(Array)
#12 C:/Users/HP/Downloads/al-khawaja-final-v2-full/al-khawaja-delivery-full/vendor/laravel/framework/src/Illuminate/Database/Query/Builder.php(3531): Illuminate/Database/Query/Builder->first(Array)
#13 C:/Users/HP/Downloads/al-khawaja-final-v2-full/al-khawaja-delivery-full/vendor/laravel/framework/src/Illuminate/Session/DatabaseSessionHandler.php(117): Illuminate/Database/Query/Builder->find('N7c6dVOb4iPMPZn...')
#14 C:/Users/HP/Downloads/al-khawaja-final-v2-full/al-khawaja-delivery-full/vendor/laravel/framework/src/Illuminate/Session/Store.php(128): Illuminate/Session/DatabaseSessionHandler->read('N7c6dVOb4iPMPZn...')
#15 C:/Users/HP/Downloads/al-khawaja-final-v2-full/al-khawaja-delivery-full/vendor/laravel/framework/src/Illuminate/Session/Store.php(116): Illuminate/Session/Store->readFromHandler()
#16 C:/Users/HP/Downloads/al-khawaja-final-v2-full/al-khawaja-delivery-full/vendor/laravel/framework/src/Illuminate/Session/Store.php(100): Illuminate/Session/Store->loadSession()
#17 C:/Users/HP/Downloads/al-khawaja-final-v2-full/al-khawaja-delivery-full/vendor/laravel/framework/src/Illuminate/Session/Middleware/StartSession.php(146): Illuminate/Session/Store->start()
#18 C:/Users/HP/Downloads/al-khawaja-final-v2-full/al-khawaja-delivery-full/vendor/laravel/framework/src/Illuminate/Support/helpers.php(393): Illuminate/Session/Middleware/StartSession->{closure:Illuminate/Session/Middleware/StartSession::startSession():143}(Object(Illuminate/Session/Store))
#19 C:/Users/HP/Downloads/al-khawaja-final-v2-full/al-khawaja-delivery-full/vendor/laravel/framework/src/Illuminate/Session/Middleware/StartSession.php(143): tap(Object(Illuminate/Session/Store), Object(Closure))
#20 C:/Users/HP/Downloads/al-khawaja-final-v2-full/al-khawaja-delivery-full/vendor/laravel/framework/src/Illuminate/Session/Middleware/StartSession.php(115): Illuminate/Session/Middleware/StartSession->startSession(Object(Illuminate/Http/Request), Object(Illuminate/Session/Store))
#21 C:/Users/HP/Downloads/al-khawaja-final-v2-full/al-khawaja-delivery-full/vendor/laravel/framework/src/Illuminate/Session/Middleware/StartSession.php(63): Illuminate/Session/Middleware/StartSession->handleStatefulRequest(Object(Illuminate/Http/Request), Object(Illuminate/Session/Store), Object(Closure))
#22 C:/Users/HP/Downloads/al-khawaja-final-v2-full/al-khawaja-delivery-full/vendor/laravel/framework/src/Illuminate/Pipeline/Pipeline.php(219): Illuminate/Session/Middleware/StartSession->handle(Object(Illuminate/Http/Request), Object(Closure))
#23 C:/Users/HP/Downloads/al-khawaja-final-v2-full/al-khawaja-delivery-full/vendor/laravel/framework/src/Illuminate/Cookie/Middleware/AddQueuedCookiesToResponse.php(36): Illuminate/Pipeline/Pipeline->{closure:{closure:Illuminate/Pipeline/Pipeline::carry():194}:195}(Object(Illuminate/Http/Request))
#24 C:/Users/HP/Downloads/al-khawaja-final-v2-full/al-khawaja-delivery-full/vendor/laravel/framework/src/Illuminate/Pipeline/Pipeline.php(219): Illuminate/Cookie/Middleware/AddQueuedCookiesToResponse->handle(Object(Illuminate/Http/Request), Object(Closure))
#25 C:/Users/HP/Downloads/al-khawaja-final-v2-full/al-khawaja-delivery-full/vendor/laravel/framework/src/Illuminate/Cookie/Middleware/EncryptCookies.php(74): Illuminate/Pipeline/Pipeline->{closure:{closure:Illuminate/Pipeline/Pipeline::carry():194}:195}(Object(Illuminate/Http/Request))
#26 C:/Users/HP/Downloads/al-khawaja-final-v2-full/al-khawaja-delivery-full/vendor/laravel/framework/src/Illuminate/Pipeline/Pipeline.php(219): Illuminate/Cookie/Middleware/EncryptCookies->handle(Object(Illuminate/Http/Request), Object(Closure))
#27 C:/Users/HP/Downloads/al-khawaja-final-v2-full/al-khawaja-delivery-full/vendor/laravel/framework/src/Illuminate/Pipeline/Pipeline.php(137): Illuminate/Pipeline/Pipeline->{closure:{closure:Illuminate/Pipeline/Pipeline::carry():194}:195}(Object(Illuminate/Http/Request))
#28 C:/Users/HP/Downloads/al-khawaja-final-v2-full/al-khawaja-delivery-full/vendor/laravel/framework/src/Illuminate/Routing/Router.php(821): Illuminate/Pipeline/Pipeline->then(Object(Closure))
#29 C:/Users/HP/Downloads/al-khawaja-final-v2-full/al-khawaja-delivery-full/vendor/laravel/framework/src/Illuminate/Routing/Router.php(800): Illuminate/Routing/Router->runRouteWithinStack(Object(Illuminate/Routing/Route), Object(Illuminate/Http/Request))
#30 C:/Users/HP/Downloads/al-khawaja-final-v2-full/al-khawaja-delivery-full/vendor/laravel/framework/src/Illuminate/Routing/Router.php(764): Illuminate/Routing/Router->runRoute(Object(Illuminate/Http/Request), Object(Illuminate/Routing/Route))
#31 C:/Users/HP/Downloads/al-khawaja-final-v2-full/al-khawaja-delivery-full/vendor/laravel/framework/src/Illuminate/Routing/Router.php(753): Illuminate/Routing/Router->dispatchToRoute(Object(Illuminate/Http/Request))
#32 C:/Users/HP/Downloads/al-khawaja-final-v2-full/al-khawaja-delivery-full/vendor/laravel/framework/src/Illuminate/Foundation/Http/Kernel.php(200): Illuminate/Routing/Router->dispatch(Object(Illuminate/Http/Request))
#33 C:/Users/HP/Downloads/al-khawaja-final-v2-full/al-khawaja-delivery-full/vendor/laravel/framework/src/Illuminate/Pipeline/Pipeline.php(180): Illuminate/Foundation/Http/Kernel->{closure:Illuminate/Foundation/Http/Kernel::dispatchToRouter():197}(Object(Illuminate/Http/Request))
#34 C:/Users/HP/Downloads/al-khawaja-final-v2-full/al-khawaja-delivery-full/vendor/laravel/framework/src/Illuminate/Foundation/Http/Middleware/TransformsRequest.php(21): Illuminate/Pipeline/Pipeline->{closure:Illuminate/Pipeline/Pipeline::prepareDestination():178}(Object(Illuminate/Http/Request))
#35 C:/Users/HP/Downloads/al-khawaja-final-v2-full/al-khawaja-delivery-full/vendor/laravel/framework/src/Illuminate/Foundation/Http/Middleware/ConvertEmptyStringsToNull.php(31): Illuminate/Foundation/Http/Middleware/TransformsRequest->handle(Object(Illuminate/Http/Request), Object(Closure))
#36 C:/Users/HP/Downloads/al-khawaja-final-v2-full/al-khawaja-delivery-full/vendor/laravel/framework/src/Illuminate/Pipeline/Pipeline.php(219): Illuminate/Foundation/Http/Middleware/ConvertEmptyStringsToNull->handle(Object(Illuminate/Http/Request), Object(Closure))
#37 C:/Users/HP/Downloads/al-khawaja-final-v2-full/al-khawaja-delivery-full/vendor/laravel/framework/src/Illuminate/Foundation/Http/Middleware/TransformsRequest.php(21): Illuminate/Pipeline/Pipeline->{closure:{closure:Illuminate/Pipeline/Pipeline::carry():194}:195}(Object(Illuminate/Http/Request))
#38 C:/Users/HP/Downloads/al-khawaja-final-v2-full/al-khawaja-delivery-full/vendor/laravel/framework/src/Illuminate/Foundation/Http/Middleware/TrimStrings.php(51): Illuminate/Foundation/Http/Middleware/TransformsRequest->handle(Object(Illuminate/Http/Request), Object(Closure))
#39 C:/Users/HP/Downloads/al-khawaja-final-v2-full/al-khawaja-delivery-full/vendor/laravel/framework/src/Illuminate/Pipeline/Pipeline.php(219): Illuminate/Foundation/Http/Middleware/TrimStrings->handle(Object(Illuminate/Http/Request), Object(Closure))
#40 C:/Users/HP/Downloads/al-khawaja-final-v2-full/al-khawaja-delivery-full/vendor/laravel/framework/src/Illuminate/Http/Middleware/ValidatePostSize.php(27): Illuminate/Pipeline/Pipeline->{closure:{closure:Illuminate/Pipeline/Pipeline::carry():194}:195}(Object(Illuminate/Http/Request))
#41 C:/Users/HP/Downloads/al-khawaja-final-v2-full/al-khawaja-delivery-full/vendor/laravel/framework/src/Illuminate/Pipeline/Pipeline.php(219): Illuminate/Http/Middleware/ValidatePostSize->handle(Object(Illuminate/Http/Request), Object(Closure))
#42 C:/Users/HP/Downloads/al-khawaja-final-v2-full/al-khawaja-delivery-full/vendor/laravel/framework/src/Illuminate/Foundation/Http/Middleware/PreventRequestsDuringMaintenance.php(110): Illuminate/Pipeline/Pipeline->{closure:{closure:Illuminate/Pipeline/Pipeline::carry():194}:195}(Object(Illuminate/Http/Request))
#43 C:/Users/HP/Downloads/al-khawaja-final-v2-full/al-khawaja-delivery-full/vendor/laravel/framework/src/Illuminate/Pipeline/Pipeline.php(219): Illuminate/Foundation/Http/Middleware/PreventRequestsDuringMaintenance->handle(Object(Illuminate/Http/Request), Object(Closure))
#44 C:/Users/HP/Downloads/al-khawaja-final-v2-full/al-khawaja-delivery-full/vendor/laravel/framework/src/Illuminate/Http/Middleware/HandleCors.php(61): Illuminate/Pipeline/Pipeline->{closure:{closure:Illuminate/Pipeline/Pipeline::carry():194}:195}(Object(Illuminate/Http/Request))
#45 C:/Users/HP/Downloads/al-khawaja-final-v2-full/al-khawaja-delivery-full/vendor/laravel/framework/src/Illuminate/Pipeline/Pipeline.php(219): Illuminate/Http/Middleware/HandleCors->handle(Object(Illuminate/Http/Request), Object(Closure))
#46 C:/Users/HP/Downloads/al-khawaja-final-v2-full/al-khawaja-delivery-full/vendor/laravel/framework/src/Illuminate/Http/Middleware/TrustProxies.php(58): Illuminate/Pipeline/Pipeline->{closure:{closure:Illuminate/Pipeline/Pipeline::carry():194}:195}(Object(Illuminate/Http/Request))
#47 C:/Users/HP/Downloads/al-khawaja-final-v2-full/al-khawaja-delivery-full/vendor/laravel/framework/src/Illuminate/Pipeline/Pipeline.php(219): Illuminate/Http/Middleware/TrustProxies->handle(Object(Illuminate/Http/Request), Object(Closure))
#48 C:/Users/HP/Downloads/al-khawaja-final-v2-full/al-khawaja-delivery-full/vendor/laravel/framework/src/Illuminate/Foundation/Http/Middleware/InvokeDeferredCallbacks.php(22): Illuminate/Pipeline/Pipeline->{closure:{closure:Illuminate/Pipeline/Pipeline::carry():194}:195}(Object(Illuminate/Http/Request))
#49 C:/Users/HP/Downloads/al-khawaja-final-v2-full/al-khawaja-delivery-full/vendor/laravel/framework/src/Illuminate/Pipeline/Pipeline.php(219): Illuminate/Foundation/Http/Middleware/InvokeDeferredCallbacks->handle(Object(Illuminate/Http/Request), Object(Closure))
#50 C:/Users/HP/Downloads/al-khawaja-final-v2-full/al-khawaja-delivery-full/vendor/laravel/framework/src/Illuminate/Http/Middleware/ValidatePathEncoding.php(28): Illuminate/Pipeline/Pipeline->{closure:{closure:Illuminate/Pipeline/Pipeline::carry():194}:195}(Object(Illuminate/Http/Request))
#51 C:/Users/HP/Downloads/al-khawaja-final-v2-full/al-khawaja-delivery-full/vendor/laravel/framework/src/Illuminate/Pipeline/Pipeline.php(219): Illuminate/Http/Middleware/ValidatePathEncoding->handle(Object(Illuminate/Http/Request), Object(Closure))
#52 C:/Users/HP/Downloads/al-khawaja-final-v2-full/al-khawaja-delivery-full/vendor/laravel/framework/src/Illuminate/Pipeline/Pipeline.php(137): Illuminate/Pipeline/Pipeline->{closure:{closure:Illuminate/Pipeline/Pipeline::carry():194}:195}(Object(Illuminate/Http/Request))
#53 C:/Users/HP/Downloads/al-khawaja-final-v2-full/al-khawaja-delivery-full/vendor/laravel/framework/src/Illuminate/Foundation/Http/Kernel.php(175): Illuminate/Pipeline/Pipeline->then(Object(Closure))
#54 C:/Users/HP/Downloads/al-khawaja-final-v2-full/al-khawaja-delivery-full/vendor/laravel/framework/src/Illuminate/Foundation/Http/Kernel.php(144): Illuminate/Foundation/Http/Kernel->sendRequestThroughRouter(Object(Illuminate/Http/Request))
#55 C:/Users/HP/Downloads/al-khawaja-final-v2-full/al-khawaja-delivery-full/vendor/laravel/framework/src/Illuminate/Foundation/Application.php(1227): Illuminate/Foundation/Http/Kernel->handle(Object(Illuminate/Http/Request))
#56 C:/Users/HP/Downloads/al-khawaja-final-v2-full/al-khawaja-delivery-full/public/index.php(20): Illuminate/Foundation/Application->handleRequest(Object(Illuminate/Http/Request))
#57 C:/Users/HP/Downloads/al-khawaja-final-v2-full/al-khawaja-delivery-full/vendor/laravel/framework/src/Illuminate/Foundation/resources/server.php(23): require_once('C://Users//HP//Dow...')
#58 {main}
"} 
[2026-09-17 19:35:27] local.ERROR: Database file at path [C:\Users\HP\Downloads\al-khawaja-final-v2-full\al-khawaja-delivery-full\database\database.sqlite] does not exist. Ensure this is an absolute path to the database. (Connection: sqlite, Database: C:\Users\HP\Downloads\al-khawaja-final-v2-full\al-khawaja-delivery-full\database\database.sqlite, SQL: select * from "sessions" where "id" = 98bhYQ0p6xzG586n0mpIMH91CKLwIZlaWHZQdtoO limit 1) {"exception":"[object] (Illuminate\\Database\\QueryException(code: 0): Database file at path [C:\\Users\\HP\\Downloads\\al-khawaja-final-v2-full\\al-khawaja-delivery-full\\database\\database.sqlite] does not exist. Ensure this is an absolute path to the database. (Connection: sqlite, Database: C:\\Users\\HP\\Downloads\\al-khawaja-final-v2-full\\al-khawaja-delivery-full\\database\\database.sqlite, SQL: select * from \"sessions\" where \"id\" = 98bhYQ0p6xzG586n0mpIMH91CKLwIZlaWHZQdtoO limit 1) at C:/Users/HP/Downloads/al-khawaja-final-v2-full/al-khawaja-delivery-full/vendor/laravel/framework/src/Illuminate/Database/Connection.php:857)
[stacktrace]
#0 C:/Users/HP/Downloads/al-khawaja-final-v2-full/al-khawaja-delivery-full/vendor/laravel/framework/src/Illuminate/Database/Connection.php(813): Illuminate/Database/Connection->runQueryCallback('select * from \"...', Array, Object(Closure))
#1 C:/Users/HP/Downloads/al-khawaja-final-v2-full/al-khawaja-delivery-full/vendor/laravel/framework/src/Illuminate/Database/Connection.php(426): Illuminate/Database/Connection->run('select * from \"...', Array, Object(Closure))
#2 C:/Users/HP/Downloads/al-khawaja-final-v2-full/al-khawaja-delivery-full/vendor/laravel/framework/src/Illuminate/Database/Query/Builder.php(3629): Illuminate/Database/Connection->select('select * from \"...', Array, false, Array)
#3 C:/Users/HP/Downloads/al-khawaja-final-v2-full/al-khawaja-delivery-full/vendor/laravel/framework/src/Illuminate/Database/Query/Builder.php(3613): Illuminate/Database/Query/Builder->runSelect()
#4 C:/Users/HP/Downloads/al-khawaja-final-v2-full/al-khawaja-delivery-full/vendor/laravel/framework/src/Illuminate/Database/Concerns/BuildsQueries.php(408): Illuminate/Database/Query/Builder->get(Array)
#5 C:/Users/HP/Downloads/al-khawaja-final-v2-full/al-khawaja-delivery-full/vendor/laravel/framework/src/Illuminate/Database/Query/Builder.php(3531): Illuminate/Database/Query/Builder->first(Array)
#6 C:/Users/HP/Downloads/al-khawaja-final-v2-full/al-khawaja-delivery-full/vendor/laravel/framework/src/Illuminate/Session/DatabaseSessionHandler.php(117): Illuminate/Database/Query/Builder->find('98bhYQ0p6xzG586...')
#7 C:/Users/HP/Downloads/al-khawaja-final-v2-full/al-khawaja-delivery-full/vendor/laravel/framework/src/Illuminate/Session/Store.php(128): Illuminate/Session/DatabaseSessionHandler->read('98bhYQ0p6xzG586...')
#8 C:/Users/HP/Downloads/al-khawaja-final-v2-full/al-khawaja-delivery-full/vendor/laravel/framework/src/Illuminate/Session/Store.php(116): Illuminate/Session/Store->readFromHandler()
#9 C:/Users/HP/Downloads/al-khawaja-final-v2-full/al-khawaja-delivery-full/vendor/laravel/framework/src/Illuminate/Session/Store.php(100): Illuminate/Session/Store->loadSession()
#10 C:/Users/HP/Downloads/al-khawaja-final-v2-full/al-khawaja-delivery-full/vendor/laravel/framework/src/Illuminate/Session/Middleware/StartSession.php(146): Illuminate/Session/Store->start()
#11 C:/Users/HP/Downloads/al-khawaja-final-v2-full/al-khawaja-delivery-full/vendor/laravel/framework/src/Illuminate/Support/helpers.php(393): Illuminate/Session/Middleware/StartSession->{closure:Illuminate/Session/Middleware/StartSession::startSession():143}(Object(Illuminate/Session/Store))
#12 C:/Users/HP/Downloads/al-khawaja-final-v2-full/al-khawaja-delivery-full/vendor/laravel/framework/src/Illuminate/Session/Middleware/StartSession.php(143): tap(Object(Illuminate/Session/Store), Object(Closure))
#13 C:/Users/HP/Downloads/al-khawaja-final-v2-full/al-khawaja-delivery-full/vendor/laravel/framework/src/Illuminate/Session/Middleware/StartSession.php(115): Illuminate/Session/Middleware/StartSession->startSession(Object(Illuminate/Http/Request), Object(Illuminate/Session/Store))
#14 C:/Users/HP/Downloads/al-khawaja-final-v2-full/al-khawaja-delivery-full/vendor/laravel/framework/src/Illuminate/Session/Middleware/StartSession.php(63): Illuminate/Session/Middleware/StartSession->handleStatefulRequest(Object(Illuminate/Http/Request), Object(Illuminate/Session/Store), Object(Closure))
#15 C:/Users/HP/Downloads/al-khawaja-final-v2-full/al-khawaja-delivery-full/vendor/laravel/framework/src/Illuminate/Pipeline/Pipeline.php(219): Illuminate/Session/Middleware/StartSession->handle(Object(Illuminate/Http/Request), Object(Closure))
#16 C:/Users/HP/Downloads/al-khawaja-final-v2-full/al-khawaja-delivery-full/vendor/laravel/framework/src/Illuminate/Cookie/Middleware/AddQueuedCookiesToResponse.php(36): Illuminate/Pipeline/Pipeline->{closure:{closure:Illuminate/Pipeline/Pipeline::carry():194}:195}(Object(Illuminate/Http/Request))
#17 C:/Users/HP/Downloads/al-khawaja-final-v2-full/al-khawaja-delivery-full/vendor/laravel/framework/src/Illuminate/Pipeline/Pipeline.php(219): Illuminate/Cookie/Middleware/AddQueuedCookiesToResponse->handle(Object(Illuminate/Http/Request), Object(Closure))
#18 C:/Users/HP/Downloads/al-khawaja-final-v2-full/al-khawaja-delivery-full/vendor/laravel/framework/src/Illuminate/Cookie/Middleware/EncryptCookies.php(74): Illuminate/Pipeline/Pipeline->{closure:{closure:Illuminate/Pipeline/Pipeline::carry():194}:195}(Object(Illuminate/Http/Request))
#19 C:/Users/HP/Downloads/al-khawaja-final-v2-full/al-khawaja-delivery-full/vendor/laravel/framework/src/Illuminate/Pipeline/Pipeline.php(219): Illuminate/Cookie/Middleware/EncryptCookies->handle(Object(Illuminate/Http/Request), Object(Closure))
#20 C:/Users/HP/Downloads/al-khawaja-final-v2-full/al-khawaja-delivery-full/vendor/laravel/framework/src/Illuminate/Pipeline/Pipeline.php(137): Illuminate/Pipeline/Pipeline->{closure:{closure:Illuminate/Pipeline/Pipeline::carry():194}:195}(Object(Illuminate/Http/Request))
#21 C:/Users/HP/Downloads/al-khawaja-final-v2-full/al-khawaja-delivery-full/vendor/laravel/framework/src/Illuminate/Routing/Router.php(821): Illuminate/Pipeline/Pipeline->then(Object(Closure))
#22 C:/Users/HP/Downloads/al-khawaja-final-v2-full/al-khawaja-delivery-full/vendor/laravel/framework/src/Illuminate/Routing/Router.php(800): Illuminate/Routing/Router->runRouteWithinStack(Object(Illuminate/Routing/Route), Object(Illuminate/Http/Request))
#23 C:/Users/HP/Downloads/al-khawaja-final-v2-full/al-khawaja-delivery-full/vendor/laravel/framework/src/Illuminate/Routing/Router.php(764): Illuminate/Routing/Router->runRoute(Object(Illuminate/Http/Request), Object(Illuminate/Routing/Route))
#24 C:/Users/HP/Downloads/al-khawaja-final-v2-full/al-khawaja-delivery-full/vendor/laravel/framework/src/Illuminate/Routing/Router.php(753): Illuminate/Routing/Router->dispatchToRoute(Object(Illuminate/Http/Request))
#25 C:/Users/HP/Downloads/al-khawaja-final-v2-full/al-khawaja-delivery-full/vendor/laravel/framework/src/Illuminate/Foundation/Http/Kernel.php(200): Illuminate/Routing/Router->dispatch(Object(Illuminate/Http/Request))
#26 C:/Users/HP/Downloads/al-khawaja-final-v2-full/al-khawaja-delivery-full/vendor/laravel/framework/src/Illuminate/Pipeline/Pipeline.php(180): Illuminate/Foundation/Http/Kernel->{closure:Illuminate/Foundation/Http/Kernel::dispatchToRouter():197}(Object(Illuminate/Http/Request))
#27 C:/Users/HP/Downloads/al-khawaja-final-v2-full/al-khawaja-delivery-full/vendor/laravel/framework/src/Illuminate/Foundation/Http/Middleware/TransformsRequest.php(21): Illuminate/Pipeline/Pipeline->{closure:Illuminate/Pipeline/Pipeline::prepareDestination():178}(Object(Illuminate/Http/Request))
#28 C:/Users/HP/Downloads/al-khawaja-final-v2-full/al-khawaja-delivery-full/vendor/laravel/framework/src/Illuminate/Foundation/Http/Middleware/ConvertEmptyStringsToNull.php(31): Illuminate/Foundation/Http/Middleware/TransformsRequest->handle(Object(Illuminate/Http/Request), Object(Closure))
#29 C:/Users/HP/Downloads/al-khawaja-final-v2-full/al-khawaja-delivery-full/vendor/laravel/framework/src/Illuminate/Pipeline/Pipeline.php(219): Illuminate/Foundation/Http/Middleware/ConvertEmptyStringsToNull->handle(Object(Illuminate/Http/Request), Object(Closure))
#30 C:/Users/HP/Downloads/al-khawaja-final-v2-full/al-khawaja-delivery-full/vendor/laravel/framework/src/Illuminate/Foundation/Http/Middleware/TransformsRequest.php(21): Illuminate/Pipeline/Pipeline->{closure:{closure:Illuminate/Pipeline/Pipeline::carry():194}:195}(Object(Illuminate/Http/Request))
#31 C:/Users/HP/Downloads/al-khawaja-final-v2-full/al-khawaja-delivery-full/vendor/laravel/framework/src/Illuminate/Foundation/Http/Middleware/TrimStrings.php(51): Illuminate/Foundation/Http/Middleware/TransformsRequest->handle(Object(Illuminate/Http/Request), Object(Closure))
#32 C:/Users/HP/Downloads/al-khawaja-final-v2-full/al-khawaja-delivery-full/vendor/laravel/framework/src/Illuminate/Pipeline/Pipeline.php(219): Illuminate/Foundation/Http/Middleware/TrimStrings->handle(Object(Illuminate/Http/Request), Object(Closure))
#33 C:/Users/HP/Downloads/al-khawaja-final-v2-full/al-khawaja-delivery-full/vendor/laravel/framework/src/Illuminate/Http/Middleware/ValidatePostSize.php(27): Illuminate/Pipeline/Pipeline->{closure:{closure:Illuminate/Pipeline/Pipeline::carry():194}:195}(Object(Illuminate/Http/Request))
#34 C:/Users/HP/Downloads/al-khawaja-final-v2-full/al-khawaja-delivery-full/vendor/laravel/framework/src/Illuminate/Pipeline/Pipeline.php(219): Illuminate/Http/Middleware/ValidatePostSize->handle(Object(Illuminate/Http/Request), Object(Closure))
#35 C:/Users/HP/Downloads/al-khawaja-final-v2-full/al-khawaja-delivery-full/vendor/laravel/framework/src/Illuminate/Foundation/Http/Middleware/PreventRequestsDuringMaintenance.php(110): Illuminate/Pipeline/Pipeline->{closure:{closure:Illuminate/Pipeline/Pipeline::carry():194}:195}(Object(Illuminate/Http/Request))
#36 C:/Users/HP/Downloads/al-khawaja-final-v2-full/al-khawaja-delivery-full/vendor/laravel/framework/src/Illuminate/Pipeline/Pipeline.php(219): Illuminate/Foundation/Http/Middleware/PreventRequestsDuringMaintenance->handle(Object(Illuminate/Http/Request), Object(Closure))
#37 C:/Users/HP/Downloads/al-khawaja-final-v2-full/al-khawaja-delivery-full/vendor/laravel/framework/src/Illuminate/Http/Middleware/HandleCors.php(61): Illuminate/Pipeline/Pipeline->{closure:{closure:Illuminate/Pipeline/Pipeline::carry():194}:195}(Object(Illuminate/Http/Request))
#38 C:/Users/HP/Downloads/al-khawaja-final-v2-full/al-khawaja-delivery-full/vendor/laravel/framework/src/Illuminate/Pipeline/Pipeline.php(219): Illuminate/Http/Middleware/HandleCors->handle(Object(Illuminate/Http/Request), Object(Closure))
#39 C:/Users/HP/Downloads/al-khawaja-final-v2-full/al-khawaja-delivery-full/vendor/laravel/framework/src/Illuminate/Http/Middleware/TrustProxies.php(58): Illuminate/Pipeline/Pipeline->{closure:{closure:Illuminate/Pipeline/Pipeline::carry():194}:195}(Object(Illuminate/Http/Request))
#40 C:/Users/HP/Downloads/al-khawaja-final-v2-full/al-khawaja-delivery-full/vendor/laravel/framework/src/Illuminate/Pipeline/Pipeline.php(219): Illuminate/Http/Middleware/TrustProxies->handle(Object(Illuminate/Http/Request), Object(Closure))
#41 C:/Users/HP/Downloads/al-khawaja-final-v2-full/al-khawaja-delivery-full/vendor/laravel/framework/src/Illuminate/Foundation/Http/Middleware/InvokeDeferredCallbacks.php(22): Illuminate/Pipeline/Pipeline->{closure:{closure:Illuminate/Pipeline/Pipeline::carry():194}:195}(Object(Illuminate/Http/Request))
#42 C:/Users/HP/Downloads/al-khawaja-final-v2-full/al-khawaja-delivery-full/vendor/laravel/framework/src/Illuminate/Pipeline/Pipeline.php(219): Illuminate/Foundation/Http/Middleware/InvokeDeferredCallbacks->handle(Object(Illuminate/Http/Request), Object(Closure))
#43 C:/Users/HP/Downloads/al-khawaja-final-v2-full/al-khawaja-delivery-full/vendor/laravel/framework/src/Illuminate/Http/Middleware/ValidatePathEncoding.php(28): Illuminate/Pipeline/Pipeline->{closure:{closure:Illuminate/Pipeline/Pipeline::carry():194}:195}(Object(Illuminate/Http/Request))
#44 C:/Users/HP/Downloads/al-khawaja-final-v2-full/al-khawaja-delivery-full/vendor/laravel/framework/src/Illuminate/Pipeline/Pipeline.php(219): Illuminate/Http/Middleware/ValidatePathEncoding->handle(Object(Illuminate/Http/Request), Object(Closure))
#45 C:/Users/HP/Downloads/al-khawaja-final-v2-full/al-khawaja-delivery-full/vendor/laravel/framework/src/Illuminate/Pipeline/Pipeline.php(137): Illuminate/Pipeline/Pipeline->{closure:{closure:Illuminate/Pipeline/Pipeline::carry():194}:195}(Object(Illuminate/Http/Request))
#46 C:/Users/HP/Downloads/al-khawaja-final-v2-full/al-khawaja-delivery-full/vendor/laravel/framework/src/Illuminate/Foundation/Http/Kernel.php(175): Illuminate/Pipeline/Pipeline->then(Object(Closure))
#47 C:/Users/HP/Downloads/al-khawaja-final-v2-full/al-khawaja-delivery-full/vendor/laravel/framework/src/Illuminate/Foundation/Http/Kernel.php(144): Illuminate/Foundation/Http/Kernel->sendRequestThroughRouter(Object(Illuminate/Http/Request))
#48 C:/Users/HP/Downloads/al-khawaja-final-v2-full/al-khawaja-delivery-full/vendor/laravel/framework/src/Illuminate/Foundation/Application.php(1227): Illuminate/Foundation/Http/Kernel->handle(Object(Illuminate/Http/Request))
#49 C:/Users/HP/Downloads/al-khawaja-final-v2-full/al-khawaja-delivery-full/public/index.php(20): Illuminate/Foundation/Application->handleRequest(Object(Illuminate/Http/Request))
#50 C:/Users/HP/Downloads/al-khawaja-final-v2-full/al-khawaja-delivery-full/vendor/laravel/framework/src/Illuminate/Foundation/resources/server.php(23): require_once('C://Users//HP//Dow...')
#51 {main}

[previous exception] [object] (Illuminate\\Database\\SQLiteDatabaseDoesNotExistException(code: 0): Database file at path [C:\\Users\\HP\\Downloads\\al-khawaja-final-v2-full\\al-khawaja-delivery-full\\database\\database.sqlite] does not exist. Ensure this is an absolute path to the database. at C:/Users/HP/Downloads/al-khawaja-final-v2-full/al-khawaja-delivery-full/vendor/laravel/framework/src/Illuminate/Database/Connectors/SQLiteConnector.php:61)
[stacktrace]
#0 C:/Users/HP/Downloads/al-khawaja-final-v2-full/al-khawaja-delivery-full/vendor/laravel/framework/src/Illuminate/Database/Connectors/SQLiteConnector.php(19): Illuminate/Database/Connectors/SQLiteConnector->parseDatabasePath(false)
#1 C:/Users/HP/Downloads/al-khawaja-final-v2-full/al-khawaja-delivery-full/vendor/laravel/framework/src/Illuminate/Database/Connectors/ConnectionFactory.php(259): Illuminate/Database/Connectors/SQLiteConnector->connect(Array)
#2 [internal function]: Illuminate/Database/Connectors/ConnectionFactory->{closure:Illuminate/Database/Connectors/ConnectionFactory::createPdoResolverWithoutHosts():259}()
#3 C:/Users/HP/Downloads/al-khawaja-final-v2-full/al-khawaja-delivery-full/vendor/laravel/framework/src/Illuminate/Database/Connection.php(1298): call_user_func(Object(Closure))
#4 C:/Users/HP/Downloads/al-khawaja-final-v2-full/al-khawaja-delivery-full/vendor/laravel/framework/src/Illuminate/Database/Connection.php(542): Illuminate/Database/Connection->getPdo()
#5 C:/Users/HP/Downloads/al-khawaja-final-v2-full/al-khawaja-delivery-full/vendor/laravel/framework/src/Illuminate/Database/Connection.php(435): Illuminate/Database/Connection->getPdoForSelect(false)
#6 C:/Users/HP/Downloads/al-khawaja-final-v2-full/al-khawaja-delivery-full/vendor/laravel/framework/src/Illuminate/Database/Connection.php(846): Illuminate/Database/Connection->{closure:Illuminate/Database/Connection::select():426}('select * from \"...', Array)
#7 C:/Users/HP/Downloads/al-khawaja-final-v2-full/al-khawaja-delivery-full/vendor/laravel/framework/src/Illuminate/Database/Connection.php(813): Illuminate/Database/Connection->runQueryCallback('select * from \"...', Array, Object(Closure))
#8 C:/Users/HP/Downloads/al-khawaja-final-v2-full/al-khawaja-delivery-full/vendor/laravel/framework/src/Illuminate/Database/Connection.php(426): Illuminate/Database/Connection->run('select * from \"...', Array, Object(Closure))
#9 C:/Users/HP/Downloads/al-khawaja-final-v2-full/al-khawaja-delivery-full/vendor/laravel/framework/src/Illuminate/Database/Query/Builder.php(3629): Illuminate/Database/Connection->select('select * from \"...', Array, false, Array)
#10 C:/Users/HP/Downloads/al-khawaja-final-v2-full/al-khawaja-delivery-full/vendor/laravel/framework/src/Illuminate/Database/Query/Builder.php(3613): Illuminate/Database/Query/Builder->runSelect()
#11 C:/Users/HP/Downloads/al-khawaja-final-v2-full/al-khawaja-delivery-full/vendor/laravel/framework/src/Illuminate/Database/Concerns/BuildsQueries.php(408): Illuminate/Database/Query/Builder->get(Array)
#12 C:/Users/HP/Downloads/al-khawaja-final-v2-full/al-khawaja-delivery-full/vendor/laravel/framework/src/Illuminate/Database/Query/Builder.php(3531): Illuminate/Database/Query/Builder->first(Array)
#13 C:/Users/HP/Downloads/al-khawaja-final-v2-full/al-khawaja-delivery-full/vendor/laravel/framework/src/Illuminate/Session/DatabaseSessionHandler.php(117): Illuminate/Database/Query/Builder->find('98bhYQ0p6xzG586...')
#14 C:/Users/HP/Downloads/al-khawaja-final-v2-full/al-khawaja-delivery-full/vendor/laravel/framework/src/Illuminate/Session/Store.php(128): Illuminate/Session/DatabaseSessionHandler->read('98bhYQ0p6xzG586...')
#15 C:/Users/HP/Downloads/al-khawaja-final-v2-full/al-khawaja-delivery-full/vendor/laravel/framework/src/Illuminate/Session/Store.php(116): Illuminate/Session/Store->readFromHandler()
#16 C:/Users/HP/Downloads/al-khawaja-final-v2-full/al-khawaja-delivery-full/vendor/laravel/framework/src/Illuminate/Session/Store.php(100): Illuminate/Session/Store->loadSession()
#17 C:/Users/HP/Downloads/al-khawaja-final-v2-full/al-khawaja-delivery-full/vendor/laravel/framework/src/Illuminate/Session/Middleware/StartSession.php(146): Illuminate/Session/Store->start()
#18 C:/Users/HP/Downloads/al-khawaja-final-v2-full/al-khawaja-delivery-full/vendor/laravel/framework/src/Illuminate/Support/helpers.php(393): Illuminate/Session/Middleware/StartSession->{closure:Illuminate/Session/Middleware/StartSession::startSession():143}(Object(Illuminate/Session/Store))
#19 C:/Users/HP/Downloads/al-khawaja-final-v2-full/al-khawaja-delivery-full/vendor/laravel/framework/src/Illuminate/Session/Middleware/StartSession.php(143): tap(Object(Illuminate/Session/Store), Object(Closure))
#20 C:/Users/HP/Downloads/al-khawaja-final-v2-full/al-khawaja-delivery-full/vendor/laravel/framework/src/Illuminate/Session/Middleware/StartSession.php(115): Illuminate/Session/Middleware/StartSession->startSession(Object(Illuminate/Http/Request), Object(Illuminate/Session/Store))
#21 C:/Users/HP/Downloads/al-khawaja-final-v2-full/al-khawaja-delivery-full/vendor/laravel/framework/src/Illuminate/Session/Middleware/StartSession.php(63): Illuminate/Session/Middleware/StartSession->handleStatefulRequest(Object(Illuminate/Http/Request), Object(Illuminate/Session/Store), Object(Closure))
#22 C:/Users/HP/Downloads/al-khawaja-final-v2-full/al-khawaja-delivery-full/vendor/laravel/framework/src/Illuminate/Pipeline/Pipeline.php(219): Illuminate/Session/Middleware/StartSession->handle(Object(Illuminate/Http/Request), Object(Closure))
#23 C:/Users/HP/Downloads/al-khawaja-final-v2-full/al-khawaja-delivery-full/vendor/laravel/framework/src/Illuminate/Cookie/Middleware/AddQueuedCookiesToResponse.php(36): Illuminate/Pipeline/Pipeline->{closure:{closure:Illuminate/Pipeline/Pipeline::carry():194}:195}(Object(Illuminate/Http/Request))
#24 C:/Users/HP/Downloads/al-khawaja-final-v2-full/al-khawaja-delivery-full/vendor/laravel/framework/src/Illuminate/Pipeline/Pipeline.php(219): Illuminate/Cookie/Middleware/AddQueuedCookiesToResponse->handle(Object(Illuminate/Http/Request), Object(Closure))
#25 C:/Users/HP/Downloads/al-khawaja-final-v2-full/al-khawaja-delivery-full/vendor/laravel/framework/src/Illuminate/Cookie/Middleware/EncryptCookies.php(74): Illuminate/Pipeline/Pipeline->{closure:{closure:Illuminate/Pipeline/Pipeline::carry():194}:195}(Object(Illuminate/Http/Request))
#26 C:/Users/HP/Downloads/al-khawaja-final-v2-full/al-khawaja-delivery-full/vendor/laravel/framework/src/Illuminate/Pipeline/Pipeline.php(219): Illuminate/Cookie/Middleware/EncryptCookies->handle(Object(Illuminate/Http/Request), Object(Closure))
#27 C:/Users/HP/Downloads/al-khawaja-final-v2-full/al-khawaja-delivery-full/vendor/laravel/framework/src/Illuminate/Pipeline/Pipeline.php(137): Illuminate/Pipeline/Pipeline->{closure:{closure:Illuminate/Pipeline/Pipeline::carry():194}:195}(Object(Illuminate/Http/Request))
#28 C:/Users/HP/Downloads/al-khawaja-final-v2-full/al-khawaja-delivery-full/vendor/laravel/framework/src/Illuminate/Routing/Router.php(821): Illuminate/Pipeline/Pipeline->then(Object(Closure))
#29 C:/Users/HP/Downloads/al-khawaja-final-v2-full/al-khawaja-delivery-full/vendor/laravel/framework/src/Illuminate/Routing/Router.php(800): Illuminate/Routing/Router->runRouteWithinStack(Object(Illuminate/Routing/Route), Object(Illuminate/Http/Request))
#30 C:/Users/HP/Downloads/al-khawaja-final-v2-full/al-khawaja-delivery-full/vendor/laravel/framework/src/Illuminate/Routing/Router.php(764): Illuminate/Routing/Router->runRoute(Object(Illuminate/Http/Request), Object(Illuminate/Routing/Route))
#31 C:/Users/HP/Downloads/al-khawaja-final-v2-full/al-khawaja-delivery-full/vendor/laravel/framework/src/Illuminate/Routing/Router.php(753): Illuminate/Routing/Router->dispatchToRoute(Object(Illuminate/Http/Request))
#32 C:/Users/HP/Downloads/al-khawaja-final-v2-full/al-khawaja-delivery-full/vendor/laravel/framework/src/Illuminate/Foundation/Http/Kernel.php(200): Illuminate/Routing/Router->dispatch(Object(Illuminate/Http/Request))
#33 C:/Users/HP/Downloads/al-khawaja-final-v2-full/al-khawaja-delivery-full/vendor/laravel/framework/src/Illuminate/Pipeline/Pipeline.php(180): Illuminate/Foundation/Http/Kernel->{closure:Illuminate/Foundation/Http/Kernel::dispatchToRouter():197}(Object(Illuminate/Http/Request))
#34 C:/Users/HP/Downloads/al-khawaja-final-v2-full/al-khawaja-delivery-full/vendor/laravel/framework/src/Illuminate/Foundation/Http/Middleware/TransformsRequest.php(21): Illuminate/Pipeline/Pipeline->{closure:Illuminate/Pipeline/Pipeline::prepareDestination():178}(Object(Illuminate/Http/Request))
#35 C:/Users/HP/Downloads/al-khawaja-final-v2-full/al-khawaja-delivery-full/vendor/laravel/framework/src/Illuminate/Foundation/Http/Middleware/ConvertEmptyStringsToNull.php(31): Illuminate/Foundation/Http/Middleware/TransformsRequest->handle(Object(Illuminate/Http/Request), Object(Closure))
#36 C:/Users/HP/Downloads/al-khawaja-final-v2-full/al-khawaja-delivery-full/vendor/laravel/framework/src/Illuminate/Pipeline/Pipeline.php(219): Illuminate/Foundation/Http/Middleware/ConvertEmptyStringsToNull->handle(Object(Illuminate/Http/Request), Object(Closure))
#37 C:/Users/HP/Downloads/al-khawaja-final-v2-full/al-khawaja-delivery-full/vendor/laravel/framework/src/Illuminate/Foundation/Http/Middleware/TransformsRequest.php(21): Illuminate/Pipeline/Pipeline->{closure:{closure:Illuminate/Pipeline/Pipeline::carry():194}:195}(Object(Illuminate/Http/Request))
#38 C:/Users/HP/Downloads/al-khawaja-final-v2-full/al-khawaja-delivery-full/vendor/laravel/framework/src/Illuminate/Foundation/Http/Middleware/TrimStrings.php(51): Illuminate/Foundation/Http/Middleware/TransformsRequest->handle(Object(Illuminate/Http/Request), Object(Closure))
#39 C:/Users/HP/Downloads/al-khawaja-final-v2-full/al-khawaja-delivery-full/vendor/laravel/framework/src/Illuminate/Pipeline/Pipeline.php(219): Illuminate/Foundation/Http/Middleware/TrimStrings->handle(Object(Illuminate/Http/Request), Object(Closure))
#40 C:/Users/HP/Downloads/al-khawaja-final-v2-full/al-khawaja-delivery-full/vendor/laravel/framework/src/Illuminate/Http/Middleware/ValidatePostSize.php(27): Illuminate/Pipeline/Pipeline->{closure:{closure:Illuminate/Pipeline/Pipeline::carry():194}:195}(Object(Illuminate/Http/Request))
#41 C:/Users/HP/Downloads/al-khawaja-final-v2-full/al-khawaja-delivery-full/vendor/laravel/framework/src/Illuminate/Pipeline/Pipeline.php(219): Illuminate/Http/Middleware/ValidatePostSize->handle(Object(Illuminate/Http/Request), Object(Closure))
#42 C:/Users/HP/Downloads/al-khawaja-final-v2-full/al-khawaja-delivery-full/vendor/laravel/framework/src/Illuminate/Foundation/Http/Middleware/PreventRequestsDuringMaintenance.php(110): Illuminate/Pipeline/Pipeline->{closure:{closure:Illuminate/Pipeline/Pipeline::carry():194}:195}(Object(Illuminate/Http/Request))
#43 C:/Users/HP/Downloads/al-khawaja-final-v2-full/al-khawaja-delivery-full/vendor/laravel/framework/src/Illuminate/Pipeline/Pipeline.php(219): Illuminate/Foundation/Http/Middleware/PreventRequestsDuringMaintenance->handle(Object(Illuminate/Http/Request), Object(Closure))
#44 C:/Users/HP/Downloads/al-khawaja-final-v2-full/al-khawaja-delivery-full/vendor/laravel/framework/src/Illuminate/Http/Middleware/HandleCors.php(61): Illuminate/Pipeline/Pipeline->{closure:{closure:Illuminate/Pipeline/Pipeline::carry():194}:195}(Object(Illuminate/Http/Request))
#45 C:/Users/HP/Downloads/al-khawaja-final-v2-full/al-khawaja-delivery-full/vendor/laravel/framework/src/Illuminate/Pipeline/Pipeline.php(219): Illuminate/Http/Middleware/HandleCors->handle(Object(Illuminate/Http/Request), Object(Closure))
#46 C:/Users/HP/Downloads/al-khawaja-final-v2-full/al-khawaja-delivery-full/vendor/laravel/framework/src/Illuminate/Http/Middleware/TrustProxies.php(58): Illuminate/Pipeline/Pipeline->{closure:{closure:Illuminate/Pipeline/Pipeline::carry():194}:195}(Object(Illuminate/Http/Request))
#47 C:/Users/HP/Downloads/al-khawaja-final-v2-full/al-khawaja-delivery-full/vendor/laravel/framework/src/Illuminate/Pipeline/Pipeline.php(219): Illuminate/Http/Middleware/TrustProxies->handle(Object(Illuminate/Http/Request), Object(Closure))
#48 C:/Users/HP/Downloads/al-khawaja-final-v2-full/al-khawaja-delivery-full/vendor/laravel/framework/src/Illuminate/Foundation/Http/Middleware/InvokeDeferredCallbacks.php(22): Illuminate/Pipeline/Pipeline->{closure:{closure:Illuminate/Pipeline/Pipeline::carry():194}:195}(Object(Illuminate/Http/Request))
#49 C:/Users/HP/Downloads/al-khawaja-final-v2-full/al-khawaja-delivery-full/vendor/laravel/framework/src/Illuminate/Pipeline/Pipeline.php(219): Illuminate/Foundation/Http/Middleware/InvokeDeferredCallbacks->handle(Object(Illuminate/Http/Request), Object(Closure))
#50 C:/Users/HP/Downloads/al-khawaja-final-v2-full/al-khawaja-delivery-full/vendor/laravel/framework/src/Illuminate/Http/Middleware/ValidatePathEncoding.php(28): Illuminate/Pipeline/Pipeline->{closure:{closure:Illuminate/Pipeline/Pipeline::carry():194}:195}(Object(Illuminate/Http/Request))
#51 C:/Users/HP/Downloads/al-khawaja-final-v2-full/al-khawaja-delivery-full/vendor/laravel/framework/src/Illuminate/Pipeline/Pipeline.php(219): Illuminate/Http/Middleware/ValidatePathEncoding->handle(Object(Illuminate/Http/Request), Object(Closure))
#52 C:/Users/HP/Downloads/al-khawaja-final-v2-full/al-khawaja-delivery-full/vendor/laravel/framework/src/Illuminate/Pipeline/Pipeline.php(137): Illuminate/Pipeline/Pipeline->{closure:{closure:Illuminate/Pipeline/Pipeline::carry():194}:195}(Object(Illuminate/Http/Request))
#53 C:/Users/HP/Downloads/al-khawaja-final-v2-full/al-khawaja-delivery-full/vendor/laravel/framework/src/Illuminate/Foundation/Http/Kernel.php(175): Illuminate/Pipeline/Pipeline->then(Object(Closure))
#54 C:/Users/HP/Downloads/al-khawaja-final-v2-full/al-khawaja-delivery-full/vendor/laravel/framework/src/Illuminate/Foundation/Http/Kernel.php(144): Illuminate/Foundation/Http/Kernel->sendRequestThroughRouter(Object(Illuminate/Http/Request))
#55 C:/Users/HP/Downloads/al-khawaja-final-v2-full/al-khawaja-delivery-full/vendor/laravel/framework/src/Illuminate/Foundation/Application.php(1227): Illuminate/Foundation/Http/Kernel->handle(Object(Illuminate/Http/Request))
#56 C:/Users/HP/Downloads/al-khawaja-final-v2-full/al-khawaja-delivery-full/public/index.php(20): Illuminate/Foundation/Application->handleRequest(Object(Illuminate/Http/Request))
#57 C:/Users/HP/Downloads/al-khawaja-final-v2-full/al-khawaja-delivery-full/vendor/laravel/framework/src/Illuminate/Foundation/resources/server.php(23): require_once('C://Users//HP//Dow...')
#58 {main}
"} 
